Archive member included to satisfy reference by file (symbol)

../../STM32F10x_StdPeriph_Driver/Release/libstm32f103.a(misc.o)
                              objs/hw_config.o (NVIC_Init)
../../STM32F10x_StdPeriph_Driver/Release/libstm32f103.a(stm32f10x_adc.o)
                              objs/adc.o (ADC_Init)
../../STM32F10x_StdPeriph_Driver/Release/libstm32f103.a(stm32f10x_dma.o)
                              objs/spi.o (DMA_Init)
../../STM32F10x_StdPeriph_Driver/Release/libstm32f103.a(stm32f10x_exti.o)
                              objs/stm32_eval.o (EXTI_Init)
../../STM32F10x_StdPeriph_Driver/Release/libstm32f103.a(stm32f10x_flash.o)
                              objs/stm32_eval.o (FLASH_SetLatency)
../../STM32F10x_StdPeriph_Driver/Release/libstm32f103.a(stm32f10x_gpio.o)
                              objs/i2c.o (GPIO_Init)
../../STM32F10x_StdPeriph_Driver/Release/libstm32f103.a(stm32f10x_i2c.o)
                              objs/i2c.o (I2C_DeInit)
../../STM32F10x_StdPeriph_Driver/Release/libstm32f103.a(stm32f10x_rcc.o)
                              objs/stm32_eval.o (RCC_DeInit)
../../STM32F10x_StdPeriph_Driver/Release/libstm32f103.a(stm32f10x_spi.o)
                              objs/stm32_eval_lcd.o (SPI_I2S_DeInit)
../../STM32F10x_StdPeriph_Driver/Release/libstm32f103.a(stm32f10x_tim.o)
                              objs/main.o (TIM_DeInit)
../../Embedded_GUI_HAL/Release/libstm32f103.a(JoyHal.o)
                              objs/hw_config.o (NewBtnHwParamObj)
../../Embedded_GUI_HAL/Release/libstm32f103.a(LcdHal.o)
                              objs/hw_config.o (NewLcdHwParamObj)
../../Embedded_GUI_Library/Release/libstm32f103.a(gl_fonts.o)
                              objs/i2c.o (GL_Font8Bit43x50)
../../Embedded_GUI_Library/Release/libstm32f103.a(graphicObject.o)
                              objs/uiframework.o (NewLabel)
../../Embedded_GUI_Library/Release/libstm32f103.a(images.o)
                              ../../Embedded_GUI_Library/Release/libstm32f103.a(graphicObject.o) (SlidebarCursor)
../../Embedded_GUI_Library/Release/libstm32f103.a(cursor.o)
                              ../../Embedded_GUI_Library/Release/libstm32f103.a(graphicObject.o) (Cursor)
/usr/lib/gcc/arm-none-eabi/4.8/armv7-m/libgcc.a(_arm_addsubdf3.o)
                              ../../Embedded_GUI_Library/Release/libstm32f103.a(graphicObject.o) (__aeabi_dsub)
/usr/lib/gcc/arm-none-eabi/4.8/armv7-m/libgcc.a(_arm_muldivdf3.o)
                              objs/batterie.o (__aeabi_dmul)
/usr/lib/gcc/arm-none-eabi/4.8/armv7-m/libgcc.a(_arm_cmpdf2.o)
                              objs/stm32_eval_lcd.o (__aeabi_dcmplt)
/usr/lib/gcc/arm-none-eabi/4.8/armv7-m/libgcc.a(_arm_fixdfsi.o)
                              objs/batterie.o (__aeabi_d2iz)
/usr/lib/gcc/arm-none-eabi/4.8/armv7-m/libgcc.a(_arm_fixunsdfsi.o)
                              objs/batterie.o (__aeabi_d2uiz)
/usr/lib/gcc/arm-none-eabi/4.8/../../../arm-none-eabi/lib/armv7-m/libg.a(lib_a-atexit.o)
                              /usr/lib/gcc/arm-none-eabi/4.8/../../../arm-none-eabi/lib/armv7-m/crt0.o (atexit)
/usr/lib/gcc/arm-none-eabi/4.8/../../../arm-none-eabi/lib/armv7-m/libg.a(lib_a-exit.o)
                              /usr/lib/gcc/arm-none-eabi/4.8/../../../arm-none-eabi/lib/armv7-m/crt0.o (exit)
/usr/lib/gcc/arm-none-eabi/4.8/../../../arm-none-eabi/lib/armv7-m/libg.a(lib_a-fini.o)
                              /usr/lib/gcc/arm-none-eabi/4.8/../../../arm-none-eabi/lib/armv7-m/crt0.o (__libc_fini_array)
/usr/lib/gcc/arm-none-eabi/4.8/../../../arm-none-eabi/lib/armv7-m/libg.a(lib_a-impure.o)
                              /usr/lib/gcc/arm-none-eabi/4.8/../../../arm-none-eabi/lib/armv7-m/libg.a(lib_a-exit.o) (_global_impure_ptr)
/usr/lib/gcc/arm-none-eabi/4.8/../../../arm-none-eabi/lib/armv7-m/libg.a(lib_a-init.o)
                              /usr/lib/gcc/arm-none-eabi/4.8/../../../arm-none-eabi/lib/armv7-m/crt0.o (__libc_init_array)
/usr/lib/gcc/arm-none-eabi/4.8/../../../arm-none-eabi/lib/armv7-m/libg.a(lib_a-malloc.o)
                              ../../Embedded_GUI_Library/Release/libstm32f103.a(graphicObject.o) (malloc)
/usr/lib/gcc/arm-none-eabi/4.8/../../../arm-none-eabi/lib/armv7-m/libg.a(lib_a-mallocr.o)
                              /usr/lib/gcc/arm-none-eabi/4.8/../../../arm-none-eabi/lib/armv7-m/libg.a(lib_a-malloc.o) (_malloc_r)
/usr/lib/gcc/arm-none-eabi/4.8/../../../arm-none-eabi/lib/armv7-m/libg.a(lib_a-memcpy.o)
                              ../../Embedded_GUI_Library/Release/libstm32f103.a(graphicObject.o) (memcpy)
/usr/lib/gcc/arm-none-eabi/4.8/../../../arm-none-eabi/lib/armv7-m/libg.a(lib_a-memset.o)
                              /usr/lib/gcc/arm-none-eabi/4.8/../../../arm-none-eabi/lib/armv7-m/crt0.o (memset)
/usr/lib/gcc/arm-none-eabi/4.8/../../../arm-none-eabi/lib/armv7-m/libg.a(lib_a-mlock.o)
                              /usr/lib/gcc/arm-none-eabi/4.8/../../../arm-none-eabi/lib/armv7-m/libg.a(lib_a-mallocr.o) (__malloc_lock)
[...]
Memory Configuration

Name             Origin             Length             Attributes
RAM              0x0000000020000000 0x0000000000005000 xrw
FLASH            0x0000000008000000 0x000000000000f800 xr
USERFLASH        0x000000000801f800 0x0000000000000002 xr
*default*        0x0000000000000000 0xffffffffffffffff

Linker script and memory map

LOAD /usr/lib/gcc/arm-none-eabi/4.8/armv7-m/crti.o
LOAD /usr/lib/gcc/arm-none-eabi/4.8/armv7-m/crtbegin.o
LOAD /usr/lib/gcc/arm-none-eabi/4.8/../../../arm-none-eabi/lib/armv7-m/crt0.o
LOAD /usr/lib/gcc/arm-none-eabi/4.8/../../../arm-none-eabi/lib/armv7-m/libm.a
LOAD objs/settings.o
LOAD objs/usb_desc.o
LOAD objs/bq34z100g1.o
LOAD objs/usb_endp.o
LOAD objs/usb_istr.o
LOAD objs/syscalls.o
LOAD objs/usb_prop.o
LOAD objs/i2c.o
LOAD objs/hw_config.o
LOAD objs/spi.o
LOAD objs/stm32f10x_it.o
LOAD objs/flash.o
LOAD objs/uiframework.o
LOAD objs/i2c_switch.o
LOAD objs/main.o
LOAD objs/switches.o
LOAD objs/system_stm32f10x.o
LOAD objs/temperatur.o
LOAD objs/batterie.o
LOAD objs/rtc.o
LOAD objs/uiappuser.o
LOAD objs/usb_cdc.o
LOAD objs/pictures.o
LOAD objs/adc.o
LOAD objs/usb_pwr.o
LOAD objs/watersensor.o
LOAD objs/core_cm3.o
LOAD objs/usb_mem.o
LOAD objs/usb_init.o
LOAD objs/usb_sil.o
LOAD objs/usb_core.o
LOAD objs/usb_regs.o
LOAD objs/usb_int.o
LOAD objs/stm32_eval_lcd.o
LOAD objs/stm32_eval.o
LOAD objs/startup_stm32f10x_md.o
LOAD ../../STM32F10x_StdPeriph_Driver/Release/libstm32f103.a
LOAD /opt/stm32arm/arm-none-eabi/lib/thumb/libm.a
LOAD ../../Embedded_GUI_HAL/Release/libstm32f103.a
LOAD ../../Embedded_GUI_Library/Release/libstm32f103.a
START GROUP
LOAD /usr/lib/gcc/arm-none-eabi/4.8/armv7-m/libgcc.a
LOAD /usr/lib/gcc/arm-none-eabi/4.8/../../../arm-none-eabi/lib/armv7-m/libg.a
LOAD /usr/lib/gcc/arm-none-eabi/4.8/../../../arm-none-eabi/lib/armv7-m/libc.a
END GROUP
LOAD /usr/lib/gcc/arm-none-eabi/4.8/armv7-m/crtend.o
LOAD /usr/lib/gcc/arm-none-eabi/4.8/armv7-m/crtn.o
                0x0000000000000800                __Stack_Size = 0x800
                0x0000000000000800                PROVIDE (_Stack_Size, __Stack_Size)
                0x0000000020004800                __Stack_Init = (_estack - __Stack_Size)
                0x0000000020004800                PROVIDE (_Stack_Init, __Stack_Init)
                0x0000000000000800                _Minimum_Stack_Size = 0x800
                0x0000000000000000                PROVIDE (Undefined_Handler, 0x0)
                0x0000000000000000                PROVIDE (SWI_Handler, 0x0)
                0x0000000000000000                PROVIDE (IRQ_Handler, 0x0)
                0x0000000000000000                PROVIDE (Prefetch_Handler, 0x0)
                0x0000000000000000                PROVIDE (Abort_Handler, 0x0)
                0x0000000000000000                PROVIDE (FIQ_Handler, 0x0)
                0x0000000000000000                PROVIDE (NMIException, 0x0)
                0x0000000000000000                PROVIDE (HardFaultException, 0x0)
                0x0000000000000000                PROVIDE (MemManageException, 0x0)
                0x0000000000000000                PROVIDE (BusFaultException, 0x0)
                0x0000000000000000                PROVIDE (UsageFaultException, 0x0)
                0x0000000000000000                PROVIDE (DebugMonitor, 0x0)
                0x0000000000000000                PROVIDE (WWDG_IRQHandler, 0x0)
                0x0000000000000000                PROVIDE (PVD_IRQHandler, 0x0)
                0x0000000000000000                PROVIDE (TAMPER_IRQHandler, 0x0)
                0x0000000000000000                PROVIDE (RTC_IRQHandler, 0x0)
                0x0000000000000000                PROVIDE (FLASH_IRQHandler, 0x0)
                0x0000000000000000                PROVIDE (RCC_IRQHandler, 0x0)
                0x0000000000000000                PROVIDE (EXTI0_IRQHandler, 0x0)
                0x0000000000000000                PROVIDE (EXTI1_IRQHandler, 0x0)
                0x0000000000000000                PROVIDE (EXTI2_IRQHandler, 0x0)
                0x0000000000000000                PROVIDE (EXTI3_IRQHandler, 0x0)
                0x0000000000000000                PROVIDE (EXTI4_IRQHandler, 0x0)
                0x0000000000000000                PROVIDE (DMAChannel1_IRQHandler, 0x0)
                0x0000000000000000                PROVIDE (DMAChannel2_IRQHandler, 0x0)
                0x0000000000000000                PROVIDE (DMAChannel3_IRQHandler, 0x0)
                0x0000000000000000                PROVIDE (DMAChannel4_IRQHandler, 0x0)
                0x0000000000000000                PROVIDE (DMAChannel5_IRQHandler, 0x0)
                0x0000000000000000                PROVIDE (DMAChannel6_IRQHandler, 0x0)
                0x0000000000000000                PROVIDE (DMAChannel7_IRQHandler, 0x0)
                0x0000000000000000                PROVIDE (ADC_IRQHandler, 0x0)
                0x0000000000000000                PROVIDE (USB_HP_CAN_TX_IRQHandler, 0x0)
                0x0000000000000000                PROVIDE (USB_LP_CAN_RX0_IRQHandler, 0x0)
                0x0000000000000000                PROVIDE (CAN_RX1_IRQHandler, 0x0)
                0x0000000000000000                PROVIDE (CAN_SCE_IRQHandler, 0x0)
                0x0000000000000000                PROVIDE (EXTI9_5_IRQHandler, 0x0)
                0x0000000000000000                PROVIDE (TIM1_BRK_IRQHandler, 0x0)
                0x0000000000000000                PROVIDE (TIM1_UP_IRQHandler, 0x0)
                0x0000000000000000                PROVIDE (TIM1_TRG_COM_IRQHandler, 0x0)
                0x0000000000000000                PROVIDE (TIM1_CC_IRQHandler, 0x0)
                0x0000000000000000                PROVIDE (TIM2_IRQHandler, 0x0)
                0x0000000000000000                PROVIDE (TIM3_IRQHandler, 0x0)
                0x0000000000000000                PROVIDE (TIM4_IRQHandler, 0x0)
                0x0000000000000000                PROVIDE (I2C1_EV_IRQHandler, 0x0)
                0x0000000000000000                PROVIDE (I2C1_ER_IRQHandler, 0x0)
                0x0000000000000000                PROVIDE (I2C2_EV_IRQHandler, 0x0)
                0x0000000000000000                PROVIDE (I2C2_ER_IRQHandler, 0x0)
                0x0000000000000000                PROVIDE (SPI1_IRQHandler, 0x0)
                0x0000000000000000                PROVIDE (SPI2_IRQHandler, 0x0)
                0x0000000000000000                PROVIDE (USART1_IRQHandler, 0x0)
                0x0000000000000000                PROVIDE (USART2_IRQHandler, 0x0)
                0x0000000000000000                PROVIDE (USART3_IRQHandler, 0x0)
                0x0000000000000000                PROVIDE (EXTI15_10_IRQHandler, 0x0)
                0x0000000000000000                PROVIDE (RTCAlarm_IRQHandler, 0x0)
                0x0000000000000000                PROVIDE (USBWakeUp_IRQHandler, 0x0)
                0x0000000042000000                PERIPH_BB_BASE = 0x42000000
                0x0000000022000000                SRAM_BB_BASE = 0x22000000
                0x0000000020000000                SRAM_BASE = 0x20000000
                0x0000000040000000                PERIPH_BASE = 0x40000000
                0x0000000040022000                PROVIDE (FLASH_BASE, 0x40022000)
                0x000000001ffff800                PROVIDE (OB_BASE, 0x1ffff800)
                0x0000000040000000                APB1PERIPH_BASE = PERIPH_BASE
                0x0000000040010000                APB2PERIPH_BASE = (PERIPH_BASE + 0x10000)
                0x0000000040020000                AHBPERIPH_BASE = (PERIPH_BASE + 0x20000)
                0x0000000040000000                PROVIDE (TIM2, (APB1PERIPH_BASE + 0x0))
                0x0000000040000400                PROVIDE (TIM3, (APB1PERIPH_BASE + 0x400))
                0x0000000040000800                PROVIDE (TIM4, (APB1PERIPH_BASE + 0x800))
                0x0000000040002800                PROVIDE (RTC, (APB1PERIPH_BASE + 0x2800))
                0x0000000040002c00                PROVIDE (WWDG, (APB1PERIPH_BASE + 0x2c00))
                0x0000000040003000                PROVIDE (IWDG, (APB1PERIPH_BASE + 0x3000))
                0x0000000040003800                PROVIDE (SPI2, (APB1PERIPH_BASE + 0x3800))
                0x0000000040004400                PROVIDE (USART2, (APB1PERIPH_BASE + 0x4400))
                0x0000000040004800                PROVIDE (USART3, (APB1PERIPH_BASE + 0x4800))
                0x0000000040005400                PROVIDE (I2C1, (APB1PERIPH_BASE + 0x5400))
                0x0000000040005800                PROVIDE (I2C2, (APB1PERIPH_BASE + 0x5800))
                0x0000000040006400                PROVIDE (CAN, (APB1PERIPH_BASE + 0x6400))
                0x0000000040006c00                PROVIDE (BKP, (APB1PERIPH_BASE + 0x6c00))
                0x0000000040007000                PROVIDE (PWR, (APB1PERIPH_BASE + 0x7000))
                0x0000000040010000                PROVIDE (AFIO, (APB2PERIPH_BASE + 0x0))
                0x0000000040010400                PROVIDE (EXTI, (APB2PERIPH_BASE + 0x400))
                0x0000000040010800                PROVIDE (GPIOA, (APB2PERIPH_BASE + 0x800))
                0x0000000040010c00                PROVIDE (GPIOB, (APB2PERIPH_BASE + 0xc00))
                0x0000000040011000                PROVIDE (GPIOC, (APB2PERIPH_BASE + 0x1000))
                0x0000000040011400                PROVIDE (GPIOD, (APB2PERIPH_BASE + 0x1400))
                0x0000000040011800                PROVIDE (GPIOE, (APB2PERIPH_BASE + 0x1800))
                0x0000000040012400                PROVIDE (ADC1, (APB2PERIPH_BASE + 0x2400))
                0x0000000040012800                PROVIDE (ADC2, (APB2PERIPH_BASE + 0x2800))
                0x0000000040012c00                PROVIDE (TIM1, (APB2PERIPH_BASE + 0x2c00))
                0x0000000040013000                PROVIDE (SPI1, (APB2PERIPH_BASE + 0x3000))
                0x0000000040013800                PROVIDE (USART1, (APB2PERIPH_BASE + 0x3800))
                0x0000000040020000                PROVIDE (DMA, (AHBPERIPH_BASE + 0x0))
                0x0000000040020008                PROVIDE (DMA_Channel1, (AHBPERIPH_BASE + 0x8))
                0x000000004002001c                PROVIDE (DMA_Channel2, (AHBPERIPH_BASE + 0x1c))
                0x0000000040020030                PROVIDE (DMA_Channel3, (AHBPERIPH_BASE + 0x30))
                0x0000000040020044                PROVIDE (DMA_Channel4, (AHBPERIPH_BASE + 0x44))
                0x0000000040020058                PROVIDE (DMA_Channel5, (AHBPERIPH_BASE + 0x58))
                0x000000004002006c                PROVIDE (DMA_Channel6, (AHBPERIPH_BASE + 0x6c))
                0x0000000040020080                PROVIDE (DMA_Channel7, (AHBPERIPH_BASE + 0x80))
                0x0000000040021000                PROVIDE (RCC, (AHBPERIPH_BASE + 0x1000))
                0x00000000e000e000                SCS_BASE = 0xe000e000
                0x00000000e000e010                PROVIDE (SysTick, (SCS_BASE + 0x10))
                0x00000000e000e100                PROVIDE (NVIC, (SCS_BASE + 0x100))
                0x00000000e000ed00                PROVIDE (SCB, (SCS_BASE + 0xd00))
                0x0000000020005000                _estack = 0x20005000

.isr_vector     0x0000000008000000      0x10c
                0x0000000008000000                . = ALIGN (0x4)
 *(.isr_vector)
 .isr_vector    0x0000000008000000      0x10c objs/startup_stm32f10x_md.o
                0x0000000008000000                g_pfnVectors
                0x000000000800010c                . = ALIGN (0x4)

.text           0x000000000800010c     0xea54
 *(.text .text.* .gnu.linkonce.t.*)
 .text          0x000000000800010c       0xac /usr/lib/gcc/arm-none-eabi/4.8/armv7-m/crtbegin.o
 .text.read_settings
                0x00000000080001b8       0x18 objs/settings.o
                0x00000000080001b8                read_settings
 .text.read_voltage
                0x00000000080001d0       0xcc objs/bq34z100g1.o
                0x00000000080001d0                read_voltage
 .text.bq34z100g1_init
                0x000000000800029c       0x18 objs/bq34z100g1.o
                0x000000000800029c                bq34z100g1_init
 .text.EP1_IN_Callback
                0x00000000080002b4       0x18 objs/usb_endp.o
                0x00000000080002b4                EP1_IN_Callback
 .text.EP3_OUT_Callback
                0x00000000080002cc       0x28 objs/usb_endp.o
                0x00000000080002cc                EP3_OUT_Callback
 .text.USB_Istr
                0x00000000080002f4      0x22c objs/usb_istr.o
                0x00000000080002f4                USB_Istr
 .text._sbrk    0x0000000008000520       0x40 objs/syscalls.o
                0x0000000008000520                _sbrk
 .text.Virtual_Com_Port_init
                0x0000000008000560       0x28 objs/usb_prop.o
                0x0000000008000560                Virtual_Com_Port_init
 .text.Virtual_Com_Port_Reset
                0x0000000008000588       0xf0 objs/usb_prop.o
                0x0000000008000588                Virtual_Com_Port_Reset
 .text.Virtual_Com_Port_SetConfiguration
                0x0000000008000678       0x2c objs/usb_prop.o
                0x0000000008000678                Virtual_Com_Port_SetConfiguration
 .text.Virtual_Com_Port_SetDeviceAddress
                0x00000000080006a4       0x18 objs/usb_prop.o
                0x00000000080006a4                Virtual_Com_Port_SetDeviceAddress
 .text.Virtual_Com_Port_Status_In
                0x00000000080006bc        0xc objs/usb_prop.o
                0x00000000080006bc                Virtual_Com_Port_Status_In
 .text.Virtual_Com_Port_Status_Out
                0x00000000080006c8        0xc objs/usb_prop.o
                0x00000000080006c8                Virtual_Com_Port_Status_Out
 .text.Virtual_Com_Port_Data_Setup
                0x00000000080006d4       0x80 objs/usb_prop.o
                0x00000000080006d4                Virtual_Com_Port_Data_Setup
 .text.Virtual_Com_Port_NoData_Setup
                0x0000000008000754       0x40 objs/usb_prop.o
                0x0000000008000754                Virtual_Com_Port_NoData_Setup
 .text.Virtual_Com_Port_GetDeviceDescriptor
                0x0000000008000794       0x24 objs/usb_prop.o
                0x0000000008000794                Virtual_Com_Port_GetDeviceDescriptor
 .text.Virtual_Com_Port_GetConfigDescriptor
                0x00000000080007b8       0x24 objs/usb_prop.o
                0x00000000080007b8                Virtual_Com_Port_GetConfigDescriptor
 .text.Virtual_Com_Port_GetStringDescriptor
                0x00000000080007dc       0x40 objs/usb_prop.o
                0x00000000080007dc                Virtual_Com_Port_GetStringDescriptor
 .text.Virtual_Com_Port_Get_Interface_Setting
                0x000000000800081c       0x30 objs/usb_prop.o
                0x000000000800081c                Virtual_Com_Port_Get_Interface_Setting
 .text.Virtual_Com_Port_GetLineCoding
                0x000000000800084c       0x34 objs/usb_prop.o
                0x000000000800084c                Virtual_Com_Port_GetLineCoding
 .text.Virtual_Com_Port_SetLineCoding
                0x0000000008000880       0x34 objs/usb_prop.o
                0x0000000008000880                Virtual_Com_Port_SetLineCoding
 .text.NVIC_EnableIRQ
                0x00000000080008b4       0x30 objs/i2c.o
 .text.NVIC_SetPriority
                0x00000000080008e4       0x54 objs/i2c.o
 .text.I2C_NVIC_Configuration
                0x0000000008000938       0x50 objs/i2c.o
                0x0000000008000938                I2C_NVIC_Configuration
 .text.I2C_Master_BufferRead
                0x0000000008000988       0xd4 objs/i2c.o
                0x0000000008000988                I2C_Master_BufferRead
 .text.I2C_Master_BufferWrite
                0x0000000008000a5c       0xe8 objs/i2c.o
                0x0000000008000a5c                I2C_Master_BufferWrite
 .text.i2c_delay
                0x0000000008000b44       0x28 objs/i2c.o
                0x0000000008000b44                i2c_delay
 .text.i2c_send
                0x0000000008000b6c       0x74 objs/i2c.o
                0x0000000008000b6c                i2c_send
 .text.i2c_waitack
                0x0000000008000be0       0x6c objs/i2c.o
                0x0000000008000be0                i2c_waitack
 .text.i2c_stop
                0x0000000008000c4c       0x44 objs/i2c.o
                0x0000000008000c4c                i2c_stop
 .text.i2c_start
                0x0000000008000c90       0x68 objs/i2c.o
                0x0000000008000c90                i2c_start
 .text.i2c_write
                0x0000000008000cf8       0x68 objs/i2c.o
                0x0000000008000cf8                i2c_write
 .text.I2C_scan_bus
                0x0000000008000d60       0xf8 objs/i2c.o
                0x0000000008000d60                I2C_scan_bus
 .text.I2C_free_bus
                0x0000000008000e58       0x9c objs/i2c.o
                0x0000000008000e58                I2C_free_bus
 .text.I2C_LowLevel_Init
                0x0000000008000ef4      0x18c objs/i2c.o
                0x0000000008000ef4                I2C_LowLevel_Init
 .text.I2C1_Event_IRQHandler
                0x0000000008001080      0x278 objs/i2c.o
                0x0000000008001080                I2C1_Event_IRQHandler
 .text.I2C2_Event_IRQHandler
                0x00000000080012f8      0x278 objs/i2c.o
                0x00000000080012f8                I2C2_Event_IRQHandler
 .text.I2C2_Error_IRQHandler
                0x0000000008001570      0x154 objs/i2c.o
                0x0000000008001570                I2C2_Error_IRQHandler
 .text.I2C1_Error_IRQHandler
                0x00000000080016c4      0x154 objs/i2c.o
                0x00000000080016c4                I2C1_Error_IRQHandler
 .text.USB_Cable_Config
                0x0000000008001818       0x30 objs/hw_config.o
                0x0000000008001818                USB_Cable_Config
 .text.Setup_USB_Hardware
                0x0000000008001848       0x78 objs/hw_config.o
                0x0000000008001848                Setup_USB_Hardware
 .text.Get_SerialNum
                0x00000000080018c0       0xc4 objs/hw_config.o
                0x00000000080018c0                Get_SerialNum
 .text.Leave_LowPowerMode
                0x0000000008001984       0x34 objs/hw_config.o
                0x0000000008001984                Leave_LowPowerMode
 .text.SPI1_send
                0x00000000080019b8       0xe8 objs/spi.o
                0x00000000080019b8                SPI1_send
 .text.SPI1_BusInit
                0x0000000008001aa0      0x160 objs/spi.o
                0x0000000008001aa0                SPI1_BusInit
 .text.spi_handleDMA1Ch2Interrupt
                0x0000000008001c00      0x198 objs/spi.o
                0x0000000008001c00                spi_handleDMA1Ch2Interrupt
 .text.NMI_Handler
                0x0000000008001d98        0xc objs/stm32f10x_it.o
                0x0000000008001d98                NMI_Handler
 .text.HardFault_Handler
                0x0000000008001da4        0x8 objs/stm32f10x_it.o
                0x0000000008001da4                HardFault_Handler
 .text.MemManage_Handler
                0x0000000008001dac        0x8 objs/stm32f10x_it.o
                0x0000000008001dac                MemManage_Handler
 .text.BusFault_Handler
                0x0000000008001db4        0x8 objs/stm32f10x_it.o
                0x0000000008001db4                BusFault_Handler
 .text.UsageFault_Handler
                0x0000000008001dbc        0x8 objs/stm32f10x_it.o
                0x0000000008001dbc                UsageFault_Handler
 .text.SVC_Handler
                0x0000000008001dc4        0xc objs/stm32f10x_it.o
                0x0000000008001dc4                SVC_Handler
 .text.DebugMon_Handler
                0x0000000008001dd0        0xc objs/stm32f10x_it.o
                0x0000000008001dd0                DebugMon_Handler
 .text.PendSV_Handler
                0x0000000008001ddc        0xc objs/stm32f10x_it.o
                0x0000000008001ddc                PendSV_Handler
 .text.SysTick_Handler
                0x0000000008001de8        0xc objs/stm32f10x_it.o
                0x0000000008001de8                SysTick_Handler
 .text.USB_LP_CAN1_RX0_IRQHandler
                0x0000000008001df4        0xc objs/stm32f10x_it.o
                0x0000000008001df4                USB_LP_CAN1_RX0_IRQHandler
 .text.TIM3_IRQHandler
                0x0000000008001e00        0xc objs/stm32f10x_it.o
                0x0000000008001e00                TIM3_IRQHandler
 .text.I2C1_EV_IRQHandler
                0x0000000008001e0c        0xc objs/stm32f10x_it.o
                0x0000000008001e0c                I2C1_EV_IRQHandler
 .text.I2C1_ER_IRQHandler
                0x0000000008001e18        0xc objs/stm32f10x_it.o
                0x0000000008001e18                I2C1_ER_IRQHandler
 .text.I2C2_EV_IRQHandler
                0x0000000008001e24        0xc objs/stm32f10x_it.o
                0x0000000008001e24                I2C2_EV_IRQHandler
 .text.I2C2_ER_IRQHandler
                0x0000000008001e30        0xc objs/stm32f10x_it.o
                0x0000000008001e30                I2C2_ER_IRQHandler
 .text.DMA1_Channel2_IRQHandler
                0x0000000008001e3c        0xc objs/stm32f10x_it.o
                0x0000000008001e3c                DMA1_Channel2_IRQHandler
 .text.Flash_Hardware_Init
                0x0000000008001e48       0x38 objs/flash.o
                0x0000000008001e48                Flash_Hardware_Init
 .text.Check_Flash_Page_Free
                0x0000000008001e80       0x98 objs/flash.o
                0x0000000008001e80                Check_Flash_Page_Free
 .text.Check_Flash_Block_Free
                0x0000000008001f18       0x78 objs/flash.o
                0x0000000008001f18                Check_Flash_Block_Free
 .text.Flash_Set_256kb_Pages
                0x0000000008001f90       0x60 objs/flash.o
                0x0000000008001f90                Flash_Set_256kb_Pages
 .text.Flash_WREN
                0x0000000008001ff0       0x44 objs/flash.o
                0x0000000008001ff0                Flash_WREN
 .text.Flash_RDSR1
                0x0000000008002034       0x4c objs/flash.o
                0x0000000008002034                Flash_RDSR1
 .text.Flash_RDSR2
                0x0000000008002080       0x4c objs/flash.o
                0x0000000008002080                Flash_RDSR2
 .text.Flash_RDCR
                0x00000000080020cc       0x4c objs/flash.o
                0x00000000080020cc                Flash_RDCR
 .text.Flash_WRR
                0x0000000008002118       0x68 objs/flash.o
                0x0000000008002118                Flash_WRR
 .text.Flash_CLSR
                0x0000000008002180       0x44 objs/flash.o
                0x0000000008002180                Flash_CLSR
 .text.Flash_4Read
                0x00000000080021c4       0x7c objs/flash.o
                0x00000000080021c4                Flash_4Read
 .text.Flash_4Page_Erase
                0x0000000008002240       0xa8 objs/flash.o
                0x0000000008002240                Flash_4Page_Erase
 .text.Flash_4Write
                0x00000000080022e8      0x124 objs/flash.o
                0x00000000080022e8                Flash_4Write
 .text.initialize_i2c_switch
                0x000000000800240c       0x1c objs/i2c_switch.o
                0x000000000800240c                initialize_i2c_switch
 .text.write_i2c_switch
                0x0000000008002428       0x54 objs/i2c_switch.o
                0x0000000008002428                write_i2c_switch
 .text.main     0x000000000800247c      0x3e8 objs/main.o
                0x000000000800247c                main
 .text.TIM2_IRQHandler
                0x0000000008002864       0x30 objs/main.o
                0x0000000008002864                TIM2_IRQHandler
 .text.SWITCH_Setup
                0x0000000008002894       0x30 objs/switches.o
                0x0000000008002894                SWITCH_Setup
 .text.get_switch
                0x00000000080028c4       0x7c objs/switches.o
                0x00000000080028c4                get_switch
 .text.SystemInit
                0x0000000008002940       0x68 objs/system_stm32f10x.o
                0x0000000008002940                SystemInit
 .text.SetSysClock
                0x00000000080029a8        0xc objs/system_stm32f10x.o
 .text.SetSysClockTo72
                0x00000000080029b4      0x100 objs/system_stm32f10x.o
 .text.paint_temperatur
                0x0000000008002ab4      0x174 objs/temperatur.o
                0x0000000008002ab4                paint_temperatur
 .text.calculate_batterie_percent
                0x0000000008002c28      0x160 objs/batterie.o
                0x0000000008002c28                calculate_batterie_percent
 .text.update_batterie_display
                0x0000000008002d88      0x618 objs/batterie.o
                0x0000000008002d88                update_batterie_display
 .text.LCD_DrawBatterie
                0x00000000080033a0      0x214 objs/batterie.o
                0x00000000080033a0                LCD_DrawBatterie
 .text.Fill_Battery_Logbuffer
                0x00000000080035b4      0x1d8 objs/batterie.o
                0x00000000080035b4                Fill_Battery_Logbuffer
 .text.Flash_Software_Init
                0x000000000800378c      0x228 objs/batterie.o
                0x000000000800378c                Flash_Software_Init
 .text.Battery_Generate_Hash
                0x00000000080039b4       0x4c objs/batterie.o
                0x00000000080039b4                Battery_Generate_Hash
 .text.DecToBcd
                0x0000000008003a00       0x44 objs/rtc.o
                0x0000000008003a00                DecToBcd
 .text.BcdToDec
                0x0000000008003a44       0x34 objs/rtc.o
                0x0000000008003a44                BcdToDec
 .text.rtc_init
                0x0000000008003a78       0xc0 objs/rtc.o
                0x0000000008003a78                rtc_init
 .text.rtc_read
                0x0000000008003b38      0x204 objs/rtc.o
                0x0000000008003b38                rtc_read
 .text.paint_date
                0x0000000008003d3c      0x2f4 objs/rtc.o
                0x0000000008003d3c                paint_date
 .text.synchronize_unixtime
                0x0000000008004030      0x10c objs/rtc.o
                0x0000000008004030                synchronize_unixtime
 .text.daysinmonth
                0x000000000800413c       0x50 objs/rtc.o
                0x000000000800413c                daysinmonth
 .text.isleap   0x000000000800418c       0x68 objs/rtc.o
                0x000000000800418c                isleap
 .text.update_unix_time
                0x00000000080041f4       0x6c objs/rtc.o
                0x00000000080041f4                update_unix_time
 .text.initialize_system_clock
                0x0000000008004260       0x64 objs/rtc.o
                0x0000000008004260                initialize_system_clock
 .text.system_clock_irqhandler
                0x00000000080042c4       0x34 objs/rtc.o
                0x00000000080042c4                system_clock_irqhandler
 .text.usb_cdc_init
                0x00000000080042f8       0x20 objs/usb_cdc.o
                0x00000000080042f8                usb_cdc_init
 .text.update_rx_buffer
                0x0000000008004318       0x78 objs/usb_cdc.o
                0x0000000008004318                update_rx_buffer
 .text.decode_usb_message
                0x0000000008004390      0xa08 objs/usb_cdc.o
                0x0000000008004390                decode_usb_message
 .text.usb_cdc_send_battery_data
                0x0000000008004d98      0x108 objs/usb_cdc.o
                0x0000000008004d98                usb_cdc_send_battery_data
 .text.htoa     0x0000000008004ea0       0x6c objs/usb_cdc.o
                0x0000000008004ea0                htoa
 .text.atoh     0x0000000008004f0c       0xf4 objs/usb_cdc.o
                0x0000000008004f0c                atoh
 .text.__WFI    0x0000000008005000       0x10 objs/usb_pwr.o
 .text.PowerOn  0x0000000008005010       0x50 objs/usb_pwr.o
                0x0000000008005010                PowerOn
 .text.PowerOff
                0x0000000008005060       0x2c objs/usb_pwr.o
                0x0000000008005060                PowerOff
 .text.Suspend  0x000000000800508c      0x168 objs/usb_pwr.o
                0x000000000800508c                Suspend
 .text.Resume_Init
                0x00000000080051f4       0x30 objs/usb_pwr.o
                0x00000000080051f4                Resume_Init
 .text.Resume   0x0000000008005224      0x118 objs/usb_pwr.o
                0x0000000008005224                Resume
 .text.watersensor_setup
                0x000000000800533c       0x54 objs/watersensor.o
                0x000000000800533c                watersensor_setup
 .text.get_wastelevel
                0x0000000008005390       0x24 objs/watersensor.o
                0x0000000008005390                get_wastelevel
 .text.get_waterlevel
                0x00000000080053b4       0x60 objs/watersensor.o
                0x00000000080053b4                get_waterlevel
 .text.update_water_display
                0x0000000008005414       0xa8 objs/watersensor.o
                0x0000000008005414                update_water_display
 .text.LCD_DrawWaterTank
                0x00000000080054bc      0x350 objs/watersensor.o
                0x00000000080054bc                LCD_DrawWaterTank
 .text.LCD_DrawWasteTank
                0x000000000800580c       0xd8 objs/watersensor.o
                0x000000000800580c                LCD_DrawWasteTank
 .text.__REV    0x00000000080058e4       0x20 objs/core_cm3.o
                0x00000000080058e4                __REV
 .text.UserToPMABufferCopy
                0x0000000008005904       0x74 objs/usb_mem.o
                0x0000000008005904                UserToPMABufferCopy
 .text.PMAToUserBufferCopy
                0x0000000008005978       0x5c objs/usb_mem.o
                0x0000000008005978                PMAToUserBufferCopy
 .text.USB_Init
                0x00000000080059d4       0x40 objs/usb_init.o
                0x00000000080059d4                USB_Init
 .text.USB_SIL_Init
                0x0000000008005a14       0x34 objs/usb_sil.o
                0x0000000008005a14                USB_SIL_Init
 .text.USB_SIL_Write
                0x0000000008005a48       0x4c objs/usb_sil.o
                0x0000000008005a48                USB_SIL_Write
 .text.USB_SIL_Read
                0x0000000008005a94       0x4c objs/usb_sil.o
                0x0000000008005a94                USB_SIL_Read
 .text.Standard_GetConfiguration
                0x0000000008005ae0       0x3c objs/usb_core.o
                0x0000000008005ae0                Standard_GetConfiguration
 .text.Standard_SetConfiguration
                0x0000000008005b1c       0x50 objs/usb_core.o
                0x0000000008005b1c                Standard_SetConfiguration
 .text.Standard_GetInterface
                0x0000000008005b6c       0x3c objs/usb_core.o
                0x0000000008005b6c                Standard_GetInterface
 .text.Standard_SetInterface
                0x0000000008005ba8       0x8c objs/usb_core.o
                0x0000000008005ba8                Standard_SetInterface
 .text.Standard_GetStatus
                0x0000000008005c34      0x138 objs/usb_core.o
                0x0000000008005c34                Standard_GetStatus
 .text.Standard_ClearFeature
                0x0000000008005d6c      0x1d8 objs/usb_core.o
                0x0000000008005d6c                Standard_ClearFeature
 .text.Standard_SetEndPointFeature
                0x0000000008005f44      0x118 objs/usb_core.o
                0x0000000008005f44                Standard_SetEndPointFeature
 .text.Standard_SetDeviceFeature
                0x000000000800605c       0x2c objs/usb_core.o
                0x000000000800605c                Standard_SetDeviceFeature
 .text.Standard_GetDescriptorData
                0x0000000008006088       0x48 objs/usb_core.o
                0x0000000008006088                Standard_GetDescriptorData
 .text.DataStageOut
                0x00000000080060d0      0x104 objs/usb_core.o
 .text.DataStageIn
                0x00000000080061d4      0x10c objs/usb_core.o
 .text.NoData_Setup0
                0x00000000080062e0      0x194 objs/usb_core.o
 .text.Data_Setup0
                0x0000000008006474      0x324 objs/usb_core.o
 .text.Setup0_Process
                0x0000000008006798       0xd8 objs/usb_core.o
                0x0000000008006798                Setup0_Process
 .text.In0_Process
                0x0000000008006870       0x90 objs/usb_core.o
                0x0000000008006870                In0_Process
 .text.Out0_Process
                0x0000000008006900       0x74 objs/usb_core.o
                0x0000000008006900                Out0_Process
 .text.Post0_Process
                0x0000000008006974       0x50 objs/usb_core.o
                0x0000000008006974                Post0_Process
 .text.SetDeviceAddress
                0x00000000080069c4       0x7c objs/usb_core.o
                0x00000000080069c4                SetDeviceAddress
 .text.NOP_Process
                0x0000000008006a40        0xc objs/usb_core.o
                0x0000000008006a40                NOP_Process
 .text.SetBTABLE
                0x0000000008006a4c       0x24 objs/usb_regs.o
                0x0000000008006a4c                SetBTABLE
 .text.SetEPType
                0x0000000008006a70       0x48 objs/usb_regs.o
                0x0000000008006a70                SetEPType
 .text.SetEPTxStatus
                0x0000000008006ab8       0x6c objs/usb_regs.o
                0x0000000008006ab8                SetEPTxStatus
 .text.SetEPRxStatus
                0x0000000008006b24       0x6c objs/usb_regs.o
                0x0000000008006b24                SetEPRxStatus
 .text.SetEPTxValid
                0x0000000008006b90       0x50 objs/usb_regs.o
                0x0000000008006b90                SetEPTxValid
 .text.SetEPRxValid
                0x0000000008006be0       0x50 objs/usb_regs.o
                0x0000000008006be0                SetEPRxValid
 .text.Clear_Status_Out
                0x0000000008006c30       0x50 objs/usb_regs.o
                0x0000000008006c30                Clear_Status_Out
 .text.ClearDTOG_RX
                0x0000000008006c80       0x5c objs/usb_regs.o
                0x0000000008006c80                ClearDTOG_RX
 .text.ClearDTOG_TX
                0x0000000008006cdc       0x5c objs/usb_regs.o
                0x0000000008006cdc                ClearDTOG_TX
 .text.SetEPTxAddr
                0x0000000008006d38       0x40 objs/usb_regs.o
                0x0000000008006d38                SetEPTxAddr
 .text.SetEPRxAddr
                0x0000000008006d78       0x40 objs/usb_regs.o
                0x0000000008006d78                SetEPRxAddr
 .text.GetEPTxAddr
                0x0000000008006db8       0x38 objs/usb_regs.o
                0x0000000008006db8                GetEPTxAddr
 .text.GetEPRxAddr
                0x0000000008006df0       0x38 objs/usb_regs.o
                0x0000000008006df0                GetEPRxAddr
 .text.SetEPTxCount
                0x0000000008006e28       0x38 objs/usb_regs.o
                0x0000000008006e28                SetEPTxCount
 .text.SetEPRxCount
                0x0000000008006e60       0x84 objs/usb_regs.o
                0x0000000008006e60                SetEPRxCount
 .text.GetEPRxCount
                0x0000000008006ee4       0x3c objs/usb_regs.o
                0x0000000008006ee4                GetEPRxCount
 .text.ByteSwap
                0x0000000008006f20       0x30 objs/usb_regs.o
                0x0000000008006f20                ByteSwap
 .text.CTR_LP   0x0000000008006f50      0x308 objs/usb_int.o
                0x0000000008006f50                CTR_LP
 .text.LCD_Setup
                0x0000000008007258      0x17c objs/stm32_eval_lcd.o
                0x0000000008007258                LCD_Setup
 .text.STM32F103C8T6_LCD_Init
                0x00000000080073d4       0x20 objs/stm32_eval_lcd.o
                0x00000000080073d4                STM32F103C8T6_LCD_Init
 .text.LCD_SetFont
                0x00000000080073f4       0x1c objs/stm32_eval_lcd.o
                0x00000000080073f4                LCD_SetFont
 .text.Address_set
                0x0000000008007410       0x80 objs/stm32_eval_lcd.o
                0x0000000008007410                Address_set
 .text.LCD_Clear
                0x0000000008007490       0x44 objs/stm32_eval_lcd.o
                0x0000000008007490                LCD_Clear
 .text.LCD_SetCursor
                0x00000000080074d4       0x28 objs/stm32_eval_lcd.o
                0x00000000080074d4                LCD_SetCursor
 .text.LCD_Draw8BitChar
                0x00000000080074fc      0x12c objs/stm32_eval_lcd.o
                0x00000000080074fc                LCD_Draw8BitChar
 .text.LCD_Display8BitChar
                0x0000000008007628       0xa8 objs/stm32_eval_lcd.o
                0x0000000008007628                LCD_Display8BitChar
 .text.LCD_WriteRegILI9341
                0x00000000080076d0       0x40 objs/stm32_eval_lcd.o
 .text.LCD_WriteRAM
                0x0000000008007710       0x44 objs/stm32_eval_lcd.o
                0x0000000008007710                LCD_WriteRAM
 .text.LCD_CtrlLinesConfig
                0x0000000008007754       0x6c objs/stm32_eval_lcd.o
                0x0000000008007754                LCD_CtrlLinesConfig
 .text.LCD_CtrlLinesWrite
                0x00000000080077c0       0x24 objs/stm32_eval_lcd.o
                0x00000000080077c0                LCD_CtrlLinesWrite
 .text.delay    0x00000000080077e4       0x34 objs/stm32_eval_lcd.o
 .text.NVIC_SetPriority
                0x0000000008007818       0x54 objs/stm32_eval.o
 .text.SysTick_Config
                0x000000000800786c       0x44 objs/stm32_eval.o
 .text.NVIC_Configuration
                0x00000000080078b0       0x1c objs/stm32_eval.o
                0x00000000080078b0                NVIC_Configuration
 .text.RCC_Configuration
                0x00000000080078cc       0x9c objs/stm32_eval.o
                0x00000000080078cc                RCC_Configuration
 .text.STM_EVAL_LEDInit
                0x0000000008007968       0x54 objs/stm32_eval.o
                0x0000000008007968                STM_EVAL_LEDInit
 .text.STM_EVAL_FETInit
                0x00000000080079bc       0x54 objs/stm32_eval.o
                0x00000000080079bc                STM_EVAL_FETInit
 .text.STM_EVAL_LEDOn
                0x0000000008007a10       0x30 objs/stm32_eval.o
                0x0000000008007a10                STM_EVAL_LEDOn
 .text.STM_EVAL_LEDOff
                0x0000000008007a40       0x30 objs/stm32_eval.o
                0x0000000008007a40                STM_EVAL_LEDOff
 .text.STM_EVAL_FETOff
                0x0000000008007a70       0x30 objs/stm32_eval.o
                0x0000000008007a70                STM_EVAL_FETOff
 .text.STM_EVAL_FETToggle
                0x0000000008007aa0       0x3c objs/stm32_eval.o
                0x0000000008007aa0                STM_EVAL_FETToggle
 .text.Reset_Handler
                0x0000000008007adc       0x48 objs/startup_stm32f10x_md.o
                0x0000000008007adc                Reset_Handler
 .text.Default_Handler
                0x0000000008007b24        0x2 objs/startup_stm32f10x_md.o
                0x0000000008007b24                EXTI2_IRQHandler
                0x0000000008007b24                TIM1_CC_IRQHandler
                0x0000000008007b24                PVD_IRQHandler
                0x0000000008007b24                EXTI3_IRQHandler
                0x0000000008007b24                EXTI0_IRQHandler
                0x0000000008007b24                ADC1_2_IRQHandler
                0x0000000008007b24                SPI1_IRQHandler
                0x0000000008007b24                TAMPER_IRQHandler
                0x0000000008007b24                DMA1_Channel4_IRQHandler
                0x0000000008007b24                USART3_IRQHandler
                0x0000000008007b24                RTC_IRQHandler
                0x0000000008007b24                DMA1_Channel7_IRQHandler
                0x0000000008007b24                CAN1_RX1_IRQHandler
                0x0000000008007b24                TIM4_IRQHandler
                0x0000000008007b24                DMA1_Channel6_IRQHandler
                0x0000000008007b24                RCC_IRQHandler
                0x0000000008007b24                TIM1_TRG_COM_IRQHandler
                0x0000000008007b24                DMA1_Channel1_IRQHandler
                0x0000000008007b24                Default_Handler
                0x0000000008007b24                EXTI15_10_IRQHandler
                0x0000000008007b24                EXTI9_5_IRQHandler
                0x0000000008007b24                SPI2_IRQHandler
                0x0000000008007b24                DMA1_Channel5_IRQHandler
                0x0000000008007b24                EXTI4_IRQHandler
                0x0000000008007b24                USB_HP_CAN1_TX_IRQHandler
                0x0000000008007b24                DMA1_Channel3_IRQHandler
                0x0000000008007b24                TIM1_UP_IRQHandler
                0x0000000008007b24                WWDG_IRQHandler
                0x0000000008007b24                TIM1_BRK_IRQHandler
                0x0000000008007b24                EXTI1_IRQHandler
                0x0000000008007b24                RTCAlarm_IRQHandler
                0x0000000008007b24                USART2_IRQHandler
                0x0000000008007b24                CAN1_SCE_IRQHandler
                0x0000000008007b24                FLASH_IRQHandler
                0x0000000008007b24                USART1_IRQHandler
                0x0000000008007b24                USBWakeUp_IRQHandler
 *fill*         0x0000000008007b26        0x2 
 .text.NVIC_Init
                0x0000000008007b28       0x68 ../../STM32F10x_StdPeriph_Driver/Release/libstm32f103.a(misc.o)
                0x0000000008007b28                NVIC_Init
 .text.NVIC_SetVectorTable
                0x0000000008007b90       0x14 ../../STM32F10x_StdPeriph_Driver/Release/libstm32f103.a(misc.o)
                0x0000000008007b90                NVIC_SetVectorTable
 .text.DMA_Init
                0x0000000008007ba4       0x3e ../../STM32F10x_StdPeriph_Driver/Release/libstm32f103.a(stm32f10x_dma.o)
                0x0000000008007ba4                DMA_Init
 .text.DMA_Cmd  0x0000000008007be2       0x16 ../../STM32F10x_StdPeriph_Driver/Release/libstm32f103.a(stm32f10x_dma.o)
                0x0000000008007be2                DMA_Cmd
 .text.DMA_ITConfig
                0x0000000008007bf8       0x10 ../../STM32F10x_StdPeriph_Driver/Release/libstm32f103.a(stm32f10x_dma.o)
                0x0000000008007bf8                DMA_ITConfig
 .text.DMA_SetCurrDataCounter
                0x0000000008007c08        0x4 ../../STM32F10x_StdPeriph_Driver/Release/libstm32f103.a(stm32f10x_dma.o)
                0x0000000008007c08                DMA_SetCurrDataCounter
 .text.DMA_GetFlagStatus
                0x0000000008007c0c       0x1c ../../STM32F10x_StdPeriph_Driver/Release/libstm32f103.a(stm32f10x_dma.o)
                0x0000000008007c0c                DMA_GetFlagStatus
 .text.DMA_ClearFlag
                0x0000000008007c28       0x14 ../../STM32F10x_StdPeriph_Driver/Release/libstm32f103.a(stm32f10x_dma.o)
                0x0000000008007c28                DMA_ClearFlag
 .text.DMA_GetITStatus
                0x0000000008007c3c       0x1c ../../STM32F10x_StdPeriph_Driver/Release/libstm32f103.a(stm32f10x_dma.o)
                0x0000000008007c3c                DMA_GetITStatus
 .text.DMA_ClearITPendingBit
                0x0000000008007c58       0x14 ../../STM32F10x_StdPeriph_Driver/Release/libstm32f103.a(stm32f10x_dma.o)
                0x0000000008007c58                DMA_ClearITPendingBit
 .text.FLASH_SetLatency
                0x0000000008007c6c       0x14 ../../STM32F10x_StdPeriph_Driver/Release/libstm32f103.a(stm32f10x_flash.o)
                0x0000000008007c6c                FLASH_SetLatency
 .text.FLASH_PrefetchBufferCmd
                0x0000000008007c80       0x18 ../../STM32F10x_StdPeriph_Driver/Release/libstm32f103.a(stm32f10x_flash.o)
                0x0000000008007c80                FLASH_PrefetchBufferCmd
 .text.GPIO_Init
                0x0000000008007c98       0xa0 ../../STM32F10x_StdPeriph_Driver/Release/libstm32f103.a(stm32f10x_gpio.o)
                0x0000000008007c98                GPIO_Init
 .text.GPIO_ReadInputDataBit
                0x0000000008007d38        0xc ../../STM32F10x_StdPeriph_Driver/Release/libstm32f103.a(stm32f10x_gpio.o)
                0x0000000008007d38                GPIO_ReadInputDataBit
 .text.GPIO_SetBits
                0x0000000008007d44        0x4 ../../STM32F10x_StdPeriph_Driver/Release/libstm32f103.a(stm32f10x_gpio.o)
                0x0000000008007d44                GPIO_SetBits
 .text.GPIO_ResetBits
                0x0000000008007d48        0x4 ../../STM32F10x_StdPeriph_Driver/Release/libstm32f103.a(stm32f10x_gpio.o)
                0x0000000008007d48                GPIO_ResetBits
 .text.GPIO_WriteBit
                0x0000000008007d4c        0xa ../../STM32F10x_StdPeriph_Driver/Release/libstm32f103.a(stm32f10x_gpio.o)
                0x0000000008007d4c                GPIO_WriteBit
 *fill*         0x0000000008007d56        0x2 
 .text.I2C_DeInit
                0x0000000008007d58       0x34 ../../STM32F10x_StdPeriph_Driver/Release/libstm32f103.a(stm32f10x_i2c.o)
                0x0000000008007d58                I2C_DeInit
 .text.I2C_Init
                0x0000000008007d8c       0xd4 ../../STM32F10x_StdPeriph_Driver/Release/libstm32f103.a(stm32f10x_i2c.o)
                0x0000000008007d8c                I2C_Init
 .text.I2C_Cmd  0x0000000008007e60       0x18 ../../STM32F10x_StdPeriph_Driver/Release/libstm32f103.a(stm32f10x_i2c.o)
                0x0000000008007e60                I2C_Cmd
 .text.I2C_GenerateSTOP
                0x0000000008007e78       0x18 ../../STM32F10x_StdPeriph_Driver/Release/libstm32f103.a(stm32f10x_i2c.o)
                0x0000000008007e78                I2C_GenerateSTOP
 .text.I2C_ITConfig
                0x0000000008007e90       0x12 ../../STM32F10x_StdPeriph_Driver/Release/libstm32f103.a(stm32f10x_i2c.o)
                0x0000000008007e90                I2C_ITConfig
 .text.I2C_GetFlagStatus
                0x0000000008007ea2       0x34 ../../STM32F10x_StdPeriph_Driver/Release/libstm32f103.a(stm32f10x_i2c.o)
                0x0000000008007ea2                I2C_GetFlagStatus
 *fill*         0x0000000008007ed6        0x2 
 .text.RCC_DeInit
                0x0000000008007ed8       0x40 ../../STM32F10x_StdPeriph_Driver/Release/libstm32f103.a(stm32f10x_rcc.o)
                0x0000000008007ed8                RCC_DeInit
 .text.RCC_HSEConfig
                0x0000000008007f18       0x38 ../../STM32F10x_StdPeriph_Driver/Release/libstm32f103.a(stm32f10x_rcc.o)
                0x0000000008007f18                RCC_HSEConfig
 .text.RCC_PLLConfig
                0x0000000008007f50       0x14 ../../STM32F10x_StdPeriph_Driver/Release/libstm32f103.a(stm32f10x_rcc.o)
                0x0000000008007f50                RCC_PLLConfig
 .text.RCC_PLLCmd
                0x0000000008007f64        0xc ../../STM32F10x_StdPeriph_Driver/Release/libstm32f103.a(stm32f10x_rcc.o)
                0x0000000008007f64                RCC_PLLCmd
 .text.RCC_SYSCLKConfig
                0x0000000008007f70       0x14 ../../STM32F10x_StdPeriph_Driver/Release/libstm32f103.a(stm32f10x_rcc.o)
                0x0000000008007f70                RCC_SYSCLKConfig
 .text.RCC_GetSYSCLKSource
                0x0000000008007f84       0x10 ../../STM32F10x_StdPeriph_Driver/Release/libstm32f103.a(stm32f10x_rcc.o)
                0x0000000008007f84                RCC_GetSYSCLKSource
 .text.RCC_HCLKConfig
                0x0000000008007f94       0x14 ../../STM32F10x_StdPeriph_Driver/Release/libstm32f103.a(stm32f10x_rcc.o)
                0x0000000008007f94                RCC_HCLKConfig
 .text.RCC_PCLK1Config
                0x0000000008007fa8       0x14 ../../STM32F10x_StdPeriph_Driver/Release/libstm32f103.a(stm32f10x_rcc.o)
                0x0000000008007fa8                RCC_PCLK1Config
 .text.RCC_PCLK2Config
                0x0000000008007fbc       0x14 ../../STM32F10x_StdPeriph_Driver/Release/libstm32f103.a(stm32f10x_rcc.o)
                0x0000000008007fbc                RCC_PCLK2Config
 .text.RCC_USBCLKConfig
                0x0000000008007fd0        0xc ../../STM32F10x_StdPeriph_Driver/Release/libstm32f103.a(stm32f10x_rcc.o)
                0x0000000008007fd0                RCC_USBCLKConfig
 .text.RCC_GetClocksFreq
                0x0000000008007fdc       0x8c ../../STM32F10x_StdPeriph_Driver/Release/libstm32f103.a(stm32f10x_rcc.o)
                0x0000000008007fdc                RCC_GetClocksFreq
 .text.RCC_AHBPeriphClockCmd
                0x0000000008008068       0x18 ../../STM32F10x_StdPeriph_Driver/Release/libstm32f103.a(stm32f10x_rcc.o)
                0x0000000008008068                RCC_AHBPeriphClockCmd
 .text.RCC_APB2PeriphClockCmd
                0x0000000008008080       0x18 ../../STM32F10x_StdPeriph_Driver/Release/libstm32f103.a(stm32f10x_rcc.o)
                0x0000000008008080                RCC_APB2PeriphClockCmd
 .text.RCC_APB1PeriphClockCmd
                0x0000000008008098       0x18 ../../STM32F10x_StdPeriph_Driver/Release/libstm32f103.a(stm32f10x_rcc.o)
                0x0000000008008098                RCC_APB1PeriphClockCmd
 .text.RCC_APB1PeriphResetCmd
                0x00000000080080b0       0x18 ../../STM32F10x_StdPeriph_Driver/Release/libstm32f103.a(stm32f10x_rcc.o)
                0x00000000080080b0                RCC_APB1PeriphResetCmd
 .text.RCC_GetFlagStatus
                0x00000000080080c8       0x28 ../../STM32F10x_StdPeriph_Driver/Release/libstm32f103.a(stm32f10x_rcc.o)
                0x00000000080080c8                RCC_GetFlagStatus
 .text.RCC_WaitForHSEStartUp
                0x00000000080080f0       0x30 ../../STM32F10x_StdPeriph_Driver/Release/libstm32f103.a(stm32f10x_rcc.o)
                0x00000000080080f0                RCC_WaitForHSEStartUp
 .text.SPI_Init
                0x0000000008008120       0x3e ../../STM32F10x_StdPeriph_Driver/Release/libstm32f103.a(stm32f10x_spi.o)
                0x0000000008008120                SPI_Init
 .text.SPI_Cmd  0x000000000800815e       0x18 ../../STM32F10x_StdPeriph_Driver/Release/libstm32f103.a(stm32f10x_spi.o)
                0x000000000800815e                SPI_Cmd
 .text.SPI_I2S_DMACmd
                0x0000000008008176       0x12 ../../STM32F10x_StdPeriph_Driver/Release/libstm32f103.a(stm32f10x_spi.o)
                0x0000000008008176                SPI_I2S_DMACmd
 .text.SPI_I2S_GetFlagStatus
                0x0000000008008188        0xc ../../STM32F10x_StdPeriph_Driver/Release/libstm32f103.a(stm32f10x_spi.o)
                0x0000000008008188                SPI_I2S_GetFlagStatus
 .text.TIM_TimeBaseInit
                0x0000000008008194       0x94 ../../STM32F10x_StdPeriph_Driver/Release/libstm32f103.a(stm32f10x_tim.o)
                0x0000000008008194                TIM_TimeBaseInit
 .text.TIM_Cmd  0x0000000008008228       0x18 ../../STM32F10x_StdPeriph_Driver/Release/libstm32f103.a(stm32f10x_tim.o)
                0x0000000008008228                TIM_Cmd
 .text.TIM_ITConfig
                0x0000000008008240       0x12 ../../STM32F10x_StdPeriph_Driver/Release/libstm32f103.a(stm32f10x_tim.o)
                0x0000000008008240                TIM_ITConfig
 .text.TIM_GetITStatus
                0x0000000008008252       0x16 ../../STM32F10x_StdPeriph_Driver/Release/libstm32f103.a(stm32f10x_tim.o)
                0x0000000008008252                TIM_GetITStatus
 .text.TIM_ClearITPendingBit
                0x0000000008008268        0x8 ../../STM32F10x_StdPeriph_Driver/Release/libstm32f103.a(stm32f10x_tim.o)
                0x0000000008008268                TIM_ClearITPendingBit
 .text.GL_Clear
                0x0000000008008270        0x4 ../../Embedded_GUI_HAL/Release/libstm32f103.a(LcdHal.o)
                0x0000000008008270                GL_Clear
 .text.GL_SetFont
                0x0000000008008274       0x58 ../../Embedded_GUI_HAL/Release/libstm32f103.a(LcdHal.o)
                0x0000000008008274                GL_SetFont
 .text.GL_LCD_Init
                0x00000000080082cc        0x4 ../../Embedded_GUI_HAL/Release/libstm32f103.a(LcdHal.o)
                0x00000000080082cc                GL_LCD_Init
 .text.TimingDelay_Decrement
                0x00000000080082d0       0x14 ../../Embedded_GUI_Library/Release/libstm32f103.a(graphicObject.o)
                0x00000000080082d0                TimingDelay_Decrement
 .text          0x00000000080082e4      0x370 /usr/lib/gcc/arm-none-eabi/4.8/armv7-m/libgcc.a(_arm_addsubdf3.o)
                0x00000000080082e4                __aeabi_drsub
                0x00000000080082ec                __aeabi_dsub
                0x00000000080082ec                __subdf3
                0x00000000080082f0                __adddf3
                0x00000000080082f0                __aeabi_dadd
                0x0000000008008568                __aeabi_ui2d
                0x0000000008008568                __floatunsidf
                0x0000000008008588                __floatsidf
                0x0000000008008588                __aeabi_i2d
                0x00000000080085ac                __extendsfdf2
                0x00000000080085ac                __aeabi_f2d
                0x00000000080085e8                __aeabi_ul2d
                0x00000000080085e8                __floatundidf
                0x00000000080085f8                __floatdidf
                0x00000000080085f8                __aeabi_l2d
 .text          0x0000000008008654      0x424 /usr/lib/gcc/arm-none-eabi/4.8/armv7-m/libgcc.a(_arm_muldivdf3.o)
                0x0000000008008654                __aeabi_dmul
                0x0000000008008654                __muldf3
                0x00000000080088a8                __aeabi_ddiv
                0x00000000080088a8                __divdf3
 .text          0x0000000008008a78       0x50 /usr/lib/gcc/arm-none-eabi/4.8/armv7-m/libgcc.a(_arm_fixdfsi.o)
                0x0000000008008a78                __fixdfsi
                0x0000000008008a78                __aeabi_d2iz
 .text          0x0000000008008ac8       0x40 /usr/lib/gcc/arm-none-eabi/4.8/armv7-m/libgcc.a(_arm_fixunsdfsi.o)
                0x0000000008008ac8                __fixunsdfsi
                0x0000000008008ac8                __aeabi_d2uiz
 .text.atexit   0x0000000008008b08        0xc /usr/lib/gcc/arm-none-eabi/4.8/../../../arm-none-eabi/lib/armv7-m/libg.a(lib_a-atexit.o)
                0x0000000008008b08                atexit
 .text.__libc_fini_array
                0x0000000008008b14       0x34 /usr/lib/gcc/arm-none-eabi/4.8/../../../arm-none-eabi/lib/armv7-m/libg.a(lib_a-fini.o)
                0x0000000008008b14                __libc_fini_array
 .text.__libc_init_array
                0x0000000008008b48       0x5c /usr/lib/gcc/arm-none-eabi/4.8/../../../arm-none-eabi/lib/armv7-m/libg.a(lib_a-init.o)
                0x0000000008008b48                __libc_init_array
 .text.malloc   0x0000000008008ba4       0x10 /usr/lib/gcc/arm-none-eabi/4.8/../../../arm-none-eabi/lib/armv7-m/libg.a(lib_a-malloc.o)
                0x0000000008008ba4                malloc
 .text._malloc_r
                0x0000000008008bb4      0x564 /usr/lib/gcc/arm-none-eabi/4.8/../../../arm-none-eabi/lib/armv7-m/libg.a(lib_a-mallocr.o)
                0x0000000008008bb4                _malloc_r
 .text.__malloc_lock
                0x0000000008009118        0x4 /usr/lib/gcc/arm-none-eabi/4.8/../../../arm-none-eabi/lib/armv7-m/libg.a(lib_a-mlock.o)
                0x0000000008009118                __malloc_lock
 .text.__malloc_unlock
                0x000000000800911c        0x4 /usr/lib/gcc/arm-none-eabi/4.8/../../../arm-none-eabi/lib/armv7-m/libg.a(lib_a-mlock.o)
                0x000000000800911c                __malloc_unlock
 .text._sbrk_r  0x0000000008009120       0x28 /usr/lib/gcc/arm-none-eabi/4.8/../../../arm-none-eabi/lib/armv7-m/libg.a(lib_a-sbrkr.o)
                0x0000000008009120                _sbrk_r
 .text.strncmp  0x0000000008009148       0xb4 /usr/lib/gcc/arm-none-eabi/4.8/../../../arm-none-eabi/lib/armv7-m/libg.a(lib_a-strncmp.o)
                0x0000000008009148                strncmp
 .text.strncpy  0x00000000080091fc       0x68 /usr/lib/gcc/arm-none-eabi/4.8/../../../arm-none-eabi/lib/armv7-m/libg.a(lib_a-strncpy.o)
                0x00000000080091fc                strncpy
 .text.__register_exitproc
                0x0000000008009264       0xac /usr/lib/gcc/arm-none-eabi/4.8/../../../arm-none-eabi/lib/armv7-m/libg.a(lib_a-__atexit.o)
                0x0000000008009264                __register_exitproc
 .text.startup.register_fini
                0x0000000008009310       0x18 /usr/lib/gcc/arm-none-eabi/4.8/../../../arm-none-eabi/lib/armv7-m/libg.a(lib_a-__call_atexit.o)
 .text._malloc_trim_r
                0x0000000008009328       0xa4 /usr/lib/gcc/arm-none-eabi/4.8/../../../arm-none-eabi/lib/armv7-m/libg.a(lib_a-freer.o)
                0x0000000008009328                _malloc_trim_r
 .text._free_r  0x00000000080093cc      0x198 /usr/lib/gcc/arm-none-eabi/4.8/../../../arm-none-eabi/lib/armv7-m/libg.a(lib_a-freer.o)
                0x00000000080093cc                _free_r
 *(.rodata .rodata.* .gnu.linkonce.r.*)
 .rodata.Virtual_Com_Port_DeviceDescriptor
                0x0000000008009564       0x14 objs/usb_desc.o
                0x0000000008009564                Virtual_Com_Port_DeviceDescriptor
 .rodata.Virtual_Com_Port_ConfigDescriptor
                0x0000000008009578       0x44 objs/usb_desc.o
                0x0000000008009578                Virtual_Com_Port_ConfigDescriptor
 .rodata.Virtual_Com_Port_StringLangID
                0x00000000080095bc        0x4 objs/usb_desc.o
                0x00000000080095bc                Virtual_Com_Port_StringLangID
 .rodata.Virtual_Com_Port_StringVendor
                0x00000000080095c0       0x28 objs/usb_desc.o
                0x00000000080095c0                Virtual_Com_Port_StringVendor
 .rodata.Virtual_Com_Port_StringProduct
                0x00000000080095e8       0x34 objs/usb_desc.o
                0x00000000080095e8                Virtual_Com_Port_StringProduct
 .rodata.Batterie
                0x000000000800961c      0x17c objs/batterie.o
                0x000000000800961c                Batterie
 .rodata        0x0000000008009798      0x104 objs/usb_cdc.o
 .rodata.Wassertank
                0x000000000800989c      0x2cc objs/watersensor.o
                0x000000000800989c                Wassertank
 .rodata.WasteWater
                0x0000000008009b68      0x304 objs/watersensor.o
                0x0000000008009b68                WasteWater
 .rodata.ASCII16x24_Table
                0x0000000008009e6c     0x11d0 objs/stm32_eval_lcd.o
                0x0000000008009e6c                ASCII16x24_Table
 .rodata.GPIO_PIN
                0x000000000800b03c        0x8 objs/stm32_eval.o
                0x000000000800b03c                GPIO_PIN
 .rodata.GPIO_CLK
                0x000000000800b044       0x10 objs/stm32_eval.o
                0x000000000800b044                GPIO_CLK
 .rodata.FET_PIN
                0x000000000800b054        0x4 objs/stm32_eval.o
                0x000000000800b054                FET_PIN
 .rodata.FET_CLK
                0x000000000800b058        0x8 objs/stm32_eval.o
                0x000000000800b058                FET_CLK
 .rodata.GL_ASCII16x24_Table
                0x000000000800b060     0x11d0 ../../Embedded_GUI_Library/Release/libstm32f103.a(gl_fonts.o)
                0x000000000800b060                GL_ASCII16x24_Table
 .rodata.GL_ASCII8Bit43x50_Table
                0x000000000800c230     0x2904 ../../Embedded_GUI_Library/Release/libstm32f103.a(gl_fonts.o)
                0x000000000800c230                GL_ASCII8Bit43x50_Table
 .rodata.str1.4
                0x000000000800eb34        0x4 /usr/lib/gcc/arm-none-eabi/4.8/../../../arm-none-eabi/lib/armv7-m/libg.a(lib_a-impure.o)
 .rodata._global_impure_ptr
                0x000000000800eb38        0x4 /usr/lib/gcc/arm-none-eabi/4.8/../../../arm-none-eabi/lib/armv7-m/libg.a(lib_a-impure.o)
                0x000000000800eb38                _global_impure_ptr
 *(.eh_frame_hdr)
 *(.eh_frame)
 .eh_frame      0x000000000800eb3c        0x0 /usr/lib/gcc/arm-none-eabi/4.8/armv7-m/crtbegin.o
 *(.gcc_except_table)
 *(.eh_frame_hdr)
 *(.eh_frame)
                0x000000000800eb3c                . = ALIGN (0x4)
 *(.init)
 .init          0x000000000800eb3c        0x4 /usr/lib/gcc/arm-none-eabi/4.8/armv7-m/crti.o
                0x000000000800eb3c                _init
 .init          0x000000000800eb40        0x8 /usr/lib/gcc/arm-none-eabi/4.8/armv7-m/crtn.o
                0x000000000800eb48                . = ALIGN (0x4)
                0x000000000800eb48                __preinit_array_start = .
 *(.preinit_array)
                0x000000000800eb48                __preinit_array_end = .
                0x000000000800eb48                . = ALIGN (0x4)
                0x000000000800eb48                __init_array_start = .
 *(SORT(.init_array.*))
 .init_array.00000
                0x000000000800eb48        0x4 /usr/lib/gcc/arm-none-eabi/4.8/../../../arm-none-eabi/lib/armv7-m/libg.a(lib_a-__call_atexit.o)
 *(.init_array)
 .init_array    0x000000000800eb4c        0x4 /usr/lib/gcc/arm-none-eabi/4.8/armv7-m/crtbegin.o
                0x000000000800eb50                __init_array_end = .
                0x000000000800eb50                . = ALIGN (0x4)
 *crtbegin.o(.ctors)
 *(EXCLUDE_FILE(*crtend.o) .ctors)
 *(SORT(.ctors.*))
 *crtend.o(.ctors)
                0x000000000800eb50                . = ALIGN (0x4)
 *(.fini)
 .fini          0x000000000800eb50        0x4 /usr/lib/gcc/arm-none-eabi/4.8/armv7-m/crti.o
                0x000000000800eb50                _fini
 .fini          0x000000000800eb54        0x8 /usr/lib/gcc/arm-none-eabi/4.8/armv7-m/crtn.o
                0x000000000800eb5c                . = ALIGN (0x4)
                0x000000000800eb5c                __fini_array_start = .
 *(.fini_array)
 .fini_array    0x000000000800eb5c        0x4 /usr/lib/gcc/arm-none-eabi/4.8/armv7-m/crtbegin.o
 *(SORT(.fini_array.*))
                0x000000000800eb60                __fini_array_end = .
 *crtbegin.o(.dtors)
 *(EXCLUDE_FILE(*crtend.o) .dtors)
 *(SORT(.dtors.*))
 *crtend.o(.dtors)
                0x000000000800eb60                . = ALIGN (0x8)
                0x000000000800eb60                _etext = .
                0x000000000800eb60                _sidata = _etext
                0x000000000800eb60                __exidx_start = .

.glue_7         0x000000000800eb60        0x0
 .glue_7        0x000000000800eb60        0x0 linker stubs

.glue_7t        0x000000000800eb60        0x0
 .glue_7t       0x000000000800eb60        0x0 linker stubs

.vfp11_veneer   0x000000000800eb60        0x0
 .vfp11_veneer  0x000000000800eb60        0x0 linker stubs

.v4_bx          0x000000000800eb60        0x0
 .v4_bx         0x000000000800eb60        0x0 linker stubs

.iplt           0x000000000800eb60        0x0
 .iplt          0x000000000800eb60        0x0 /usr/lib/gcc/arm-none-eabi/4.8/armv7-m/crtbegin.o

.rel.dyn        0x000000000800eb60        0x0
 .rel.iplt      0x000000000800eb60        0x0 /usr/lib/gcc/arm-none-eabi/4.8/armv7-m/crtbegin.o

.ARM.exidx
 *(.ARM.exidx* .gnu.linkonce.armexidx.*)
                0x000000000800eb60                __exidx_end = .

.data           0x0000000020000000      0x984 load address 0x000000000800eb60
                0x000000000800eb60                _flash_data = LOADADDR (.data)
                0x0000000020000000                _data = .
                0x0000000020000000                _sdata = .
 *(vtable)
 *(.data .data.* .gnu.linkonce.d.*)
 .data.Virtual_Com_Port_StringSerial
                0x0000000020000000       0x1c objs/usb_desc.o
                0x0000000020000000                Virtual_Com_Port_StringSerial
 .data.pEpInt_IN
                0x000000002000001c       0x1c objs/usb_istr.o
                0x000000002000001c                pEpInt_IN
 .data.pEpInt_OUT
                0x0000000020000038       0x1c objs/usb_istr.o
                0x0000000020000038                pEpInt_OUT
 .data.linecoding
                0x0000000020000054        0x8 objs/usb_prop.o
                0x0000000020000054                linecoding
 .data.Device_Table
                0x000000002000005c        0x4 objs/usb_prop.o
                0x000000002000005c                Device_Table
 .data.Device_Property
                0x0000000020000060       0x30 objs/usb_prop.o
                0x0000000020000060                Device_Property
 .data.User_Standard_Requests
                0x0000000020000090       0x24 objs/usb_prop.o
                0x0000000020000090                User_Standard_Requests
 .data.Device_Descriptor
                0x00000000200000b4        0x8 objs/usb_prop.o
                0x00000000200000b4                Device_Descriptor
 .data.Config_Descriptor
                0x00000000200000bc        0x8 objs/usb_prop.o
                0x00000000200000bc                Config_Descriptor
 .data.String_Descriptor
                0x00000000200000c4       0x20 objs/usb_prop.o
                0x00000000200000c4                String_Descriptor
 .data.I2C2_BUSY
                0x00000000200000e4        0x1 objs/i2c.o
                0x00000000200000e4                I2C2_BUSY
 .data.fSuspendEnabled
                0x00000000200000e5        0x1 objs/usb_pwr.o
                0x00000000200000e5                fSuspendEnabled
 *fill*         0x00000000200000e6        0x2 
 .data.Font16x24
                0x00000000200000e8        0xc objs/stm32_eval_lcd.o
                0x00000000200000e8                Font16x24
 .data.BackColor
                0x00000000200000f4        0x2 objs/stm32_eval_lcd.o
 *fill*         0x00000000200000f6        0x2 
 .data.LCDType  0x00000000200000f8        0x4 objs/stm32_eval_lcd.o
 .data.GPIO_PORT
                0x00000000200000fc       0x10 objs/stm32_eval.o
                0x00000000200000fc                GPIO_PORT
 .data.FET_PORT
                0x000000002000010c        0x8 objs/stm32_eval.o
                0x000000002000010c                FET_PORT
 .data.ADCPrescTable
                0x0000000020000114        0x4 ../../STM32F10x_StdPeriph_Driver/Release/libstm32f103.a(stm32f10x_rcc.o)
 .data.APBAHBPrescTable
                0x0000000020000118       0x10 ../../STM32F10x_StdPeriph_Driver/Release/libstm32f103.a(stm32f10x_rcc.o)
 .data.GL_FontHeight
                0x0000000020000128        0x1 ../../Embedded_GUI_HAL/Release/libstm32f103.a(LcdHal.o)
                0x0000000020000128                GL_FontHeight
 .data.GL_FontRowBytes
                0x0000000020000129        0x1 ../../Embedded_GUI_HAL/Release/libstm32f103.a(LcdHal.o)
                0x0000000020000129                GL_FontRowBytes
 .data.GL_FontWidth
                0x000000002000012a        0x1 ../../Embedded_GUI_HAL/Release/libstm32f103.a(LcdHal.o)
                0x000000002000012a                GL_FontWidth
 *fill*         0x000000002000012b        0x1 
 .data.GL_Font8Bit43x50
                0x000000002000012c        0xc ../../Embedded_GUI_Library/Release/libstm32f103.a(gl_fonts.o)
                0x000000002000012c                GL_Font8Bit43x50
 .data.GL_Font16x24
                0x0000000020000138        0xc ../../Embedded_GUI_Library/Release/libstm32f103.a(gl_fonts.o)
                0x0000000020000138                GL_Font16x24
 *fill*         0x0000000020000144        0x4 
 .data.impure_data
                0x0000000020000148      0x428 /usr/lib/gcc/arm-none-eabi/4.8/../../../arm-none-eabi/lib/armv7-m/libg.a(lib_a-impure.o)
 .data._impure_ptr
                0x0000000020000570        0x4 /usr/lib/gcc/arm-none-eabi/4.8/../../../arm-none-eabi/lib/armv7-m/libg.a(lib_a-impure.o)
                0x0000000020000570                _impure_ptr
 .data.__malloc_av_
                0x0000000020000574      0x408 /usr/lib/gcc/arm-none-eabi/4.8/../../../arm-none-eabi/lib/armv7-m/libg.a(lib_a-mallocr.o)
                0x0000000020000574                __malloc_av_
 .data.__malloc_trim_threshold
                0x000000002000097c        0x4 /usr/lib/gcc/arm-none-eabi/4.8/../../../arm-none-eabi/lib/armv7-m/libg.a(lib_a-mallocr.o)
                0x000000002000097c                __malloc_trim_threshold
 .data.__malloc_sbrk_base
                0x0000000020000980        0x4 /usr/lib/gcc/arm-none-eabi/4.8/../../../arm-none-eabi/lib/armv7-m/libg.a(lib_a-mallocr.o)
                0x0000000020000980                __malloc_sbrk_base
                0x0000000020000984                _edata = .

.jcr            0x0000000020000984        0x0 load address 0x000000000800f4e4
 .jcr           0x0000000020000984        0x0 /usr/lib/gcc/arm-none-eabi/4.8/armv7-m/crtbegin.o

.tm_clone_table
                0x0000000020000984        0x0 load address 0x000000000800f4e4
 .tm_clone_table
                0x0000000020000984        0x0 /usr/lib/gcc/arm-none-eabi/4.8/armv7-m/crtbegin.o
 .tm_clone_table
                0x0000000020000984        0x0 /usr/lib/gcc/arm-none-eabi/4.8/armv7-m/crtend.o

.igot.plt       0x0000000020000984        0x0 load address 0x000000000800f4e4
 .igot.plt      0x0000000020000984        0x0 /usr/lib/gcc/arm-none-eabi/4.8/armv7-m/crtbegin.o

.bss            0x0000000020000984      0x710 load address 0x000000000800f4e4
                0x0000000020000984                _bss = .
                0x0000000020000984                _sbss = .
 *(.bss .bss.* .gnu.linkonce.b.*)
 .bss           0x0000000020000984       0x1c /usr/lib/gcc/arm-none-eabi/4.8/armv7-m/crtbegin.o
 .bss.count_out
                0x00000000200009a0        0x4 objs/usb_endp.o
                0x00000000200009a0                count_out
 .bss.count_in  0x00000000200009a4        0x4 objs/usb_endp.o
                0x00000000200009a4                count_in
 .bss.bIntPackSOF
                0x00000000200009a8        0x1 objs/usb_istr.o
                0x00000000200009a8                bIntPackSOF
 *fill*         0x00000000200009a9        0x3 
 .bss.esof_counter
                0x00000000200009ac        0x4 objs/usb_istr.o
                0x00000000200009ac                esof_counter
 .bss.wCNTR     0x00000000200009b0        0x4 objs/usb_istr.o
                0x00000000200009b0                wCNTR
 .bss.heap.3695
                0x00000000200009b4        0x4 objs/syscalls.o
 .bss.Request   0x00000000200009b8        0x1 objs/usb_prop.o
                0x00000000200009b8                Request
 .bss.Tx_Idx1   0x00000000200009b9        0x1 objs/i2c.o
                0x00000000200009b9                Tx_Idx1
 .bss.Rx_Idx1   0x00000000200009ba        0x1 objs/i2c.o
                0x00000000200009ba                Rx_Idx1
 .bss.Tx_Idx2   0x00000000200009bb        0x1 objs/i2c.o
                0x00000000200009bb                Tx_Idx2
 .bss.Rx_Idx2   0x00000000200009bc        0x1 objs/i2c.o
                0x00000000200009bc                Rx_Idx2
 .bss.init_rtc  0x00000000200009bd        0x1 objs/rtc.o
                0x00000000200009bd                init_rtc
 *fill*         0x00000000200009be        0x2 
 .bss.bDeviceState
                0x00000000200009c0        0x4 objs/usb_pwr.o
                0x00000000200009c0                bDeviceState
 .bss.remotewakeupon
                0x00000000200009c4        0x4 objs/usb_pwr.o
                0x00000000200009c4                remotewakeupon
 .bss.Data_Mul_MaxPacketSize
                0x00000000200009c8        0x1 objs/usb_core.o
                0x00000000200009c8                Data_Mul_MaxPacketSize
 *fill*         0x00000000200009c9        0x3 
 .bss.LCD_Currentfonts
                0x00000000200009cc        0x4 objs/stm32_eval_lcd.o
 .bss.TextColor
                0x00000000200009d0        0x2 objs/stm32_eval_lcd.o
 .bss.GL_Font   0x00000000200009d2        0x1 ../../Embedded_GUI_HAL/Release/libstm32f103.a(LcdHal.o)
                0x00000000200009d2                GL_Font
 *fill*         0x00000000200009d3        0x1 
 .bss.TimingDelay
                0x00000000200009d4        0x4 ../../Embedded_GUI_Library/Release/libstm32f103.a(graphicObject.o)
 .bss.__malloc_max_total_mem
                0x00000000200009d8        0x4 /usr/lib/gcc/arm-none-eabi/4.8/../../../arm-none-eabi/lib/armv7-m/libg.a(lib_a-mallocr.o)
                0x00000000200009d8                __malloc_max_total_mem
 .bss.__malloc_max_sbrked_mem
                0x00000000200009dc        0x4 /usr/lib/gcc/arm-none-eabi/4.8/../../../arm-none-eabi/lib/armv7-m/libg.a(lib_a-mallocr.o)
                0x00000000200009dc                __malloc_max_sbrked_mem
 .bss.__malloc_top_pad
                0x00000000200009e0        0x4 /usr/lib/gcc/arm-none-eabi/4.8/../../../arm-none-eabi/lib/armv7-m/libg.a(lib_a-mallocr.o)
                0x00000000200009e0                __malloc_top_pad
 .bss.__malloc_current_mallinfo
                0x00000000200009e4       0x28 /usr/lib/gcc/arm-none-eabi/4.8/../../../arm-none-eabi/lib/armv7-m/libg.a(lib_a-mallocr.o)
                0x00000000200009e4                __malloc_current_mallinfo
 *(COMMON)
 COMMON         0x0000000020000a0c        0x1 objs/settings.o
                0x0000000020000a0c                timezone
 COMMON         0x0000000020000a0d        0x1 objs/bq34z100g1.o
                0x0000000020000a0d                bq34_usb_mode
 *fill*         0x0000000020000a0e        0x2 
 COMMON         0x0000000020000a10       0x40 objs/usb_endp.o
                0x0000000020000a10                buffer_out
 COMMON         0x0000000020000a50        0x2 objs/usb_istr.o
                0x0000000020000a50                wIstr
 *fill*         0x0000000020000a52        0x2 
 COMMON         0x0000000020000a54      0x128 objs/i2c.o
                0x0000000020000a54                Buffer_Rx2
                0x0000000020000a78                Buffer_Tx1
                0x0000000020000a8c                I2C_InitStructure1
                0x0000000020000a9c                Buffer_Tx2
                0x0000000020000b1c                I2CDMA_InitStructure
                0x0000000020000b48                Buffer_Rx1
                0x0000000020000b5c                Address
                0x0000000020000b60                I2C_InitStructure2
                0x0000000020000b70                NumbOfBytes2
                0x0000000020000b74                NumbOfBytes1
                0x0000000020000b78                I2CDirection
 COMMON         0x0000000020000b7c        0xd objs/spi.o
                0x0000000020000b7c                flash_nbytes
                0x0000000020000b80                flash_tx_address
                0x0000000020000b84                flash_rx_address
                0x0000000020000b88                SPI1_BLOCK
 *fill*         0x0000000020000b89        0x3 
 COMMON         0x0000000020000b8c      0x248 objs/flash.o
                0x0000000020000b8c                flash_sector
                0x0000000020000bcc                flash_command_buffer
                0x0000000020000bd4                flash_data_buffer
                0x0000000020000cd4                flash_rx_buffer
 COMMON         0x0000000020000dd4        0x4 objs/main.o
                0x0000000020000dd4                RESET_VALUES
                0x0000000020000dd5                counter
                0x0000000020000dd6                irqvals
                0x0000000020000dd7                SPI1_Bus_Token
 COMMON         0x0000000020000dd8        0x2 objs/temperatur.o
                0x0000000020000dd8                temperatur
 *fill*         0x0000000020000dda        0x2 
 COMMON         0x0000000020000ddc      0x116 objs/batterie.o
                0x0000000020000ddc                battery_logbuffer
                0x0000000020000ede                batstat
                0x0000000020000ee0                voltage
                0x0000000020000ee4                voltage_sample
                0x0000000020000ee8                private_percent
                0x0000000020000eea                current
                0x0000000020000eec                batterie_charging
                0x0000000020000eed                loading_value
                0x0000000020000ef0                voltage_sample_counter
 *fill*         0x0000000020000ef2        0x2 
 COMMON         0x0000000020000ef4       0x2c objs/rtc.o
                0x0000000020000ef4                oldsecond
                0x0000000020000ef8                rtc_prevdate
                0x0000000020000f00                rtc_time
                0x0000000020000f08                rtc_prevtime
                0x0000000020000f10                rtc_date
                0x0000000020000f18                databuffer
 COMMON         0x0000000020000f20      0x104 objs/usb_cdc.o
                0x0000000020000f20                bufferPos
                0x0000000020000f24                buffer
                0x0000000020000fa4                SendBuffer
 COMMON         0x0000000020001024       0x24 objs/usb_pwr.o
                0x0000000020001024                ResumeS
                0x0000000020001028                EP
 COMMON         0x0000000020001048        0x2 objs/watersensor.o
                0x0000000020001048                prevlevel
 *fill*         0x000000002000104a        0x2 
 COMMON         0x000000002000104c       0x32 objs/usb_init.o
                0x000000002000104c                SaveState
                0x0000000020001050                pProperty
                0x0000000020001054                EPindex
                0x0000000020001058                Device_Info
                0x0000000020001074                pUser_Standard_Requests
                0x0000000020001078                pInformation
                0x000000002000107c                wInterrupt_Mask
 *fill*         0x000000002000107e        0x2 
 COMMON         0x0000000020001080        0x2 objs/usb_core.o
                0x0000000020001080                StatusInfo
 COMMON         0x0000000020001082        0x4 objs/usb_int.o
                0x0000000020001082                SaveRState
                0x0000000020001084                SaveTState
 *fill*         0x0000000020001086        0x2 
 COMMON         0x0000000020001088        0x7 objs/stm32_eval_lcd.o
                0x0000000020001088                LCD_TX_Buffer
                0x000000002000108c                LCD_RX_Buffer
 *fill*         0x000000002000108f        0x1 
 COMMON         0x0000000020001090        0x4 /usr/lib/gcc/arm-none-eabi/4.8/../../../arm-none-eabi/lib/armv7-m/libg.a(lib_a-reent.o)
                0x0000000020001090                errno
                0x0000000020001094                . = ALIGN (0x4)
                0x0000000020001094                _ebss = .
                0x0000000020001094                PROVIDE (__HEAP_START, _end)
                0x0000000020001094                PROVIDE (end, _ebss)
                0x0000000020001094                PROVIDE (_end, _ebss)

._usrstack      0x0000000020001094      0x800 load address 0x000000000800f4e4
                0x0000000020001094                . = ALIGN (0x4)
                0x0000000020001094                _susrstack = .
                0x0000000020001894                . = (. + _Minimum_Stack_Size)
 *fill*         0x0000000020001094      0x800 
                0x0000000020001894                . = ALIGN (0x4)
                0x0000000020001894                _eusrstack = .
OUTPUT(TEMPBAT.elf elf32-littlearm)

.ARM.attributes
                0x0000000000000000       0x29
 .ARM.attributes
                0x0000000000000000       0x1d /usr/lib/gcc/arm-none-eabi/4.8/armv7-m/crti.o
 .ARM.attributes
                0x000000000000001d       0x2d /usr/lib/gcc/arm-none-eabi/4.8/armv7-m/crtbegin.o
 .ARM.attributes
                0x000000000000004a       0x33 objs/settings.o
 .ARM.attributes
                0x000000000000007d       0x33 objs/usb_desc.o
 .ARM.attributes
                0x00000000000000b0       0x33 objs/bq34z100g1.o
 .ARM.attributes
                0x00000000000000e3       0x33 objs/usb_endp.o
 .ARM.attributes
                0x0000000000000116       0x33 objs/usb_istr.o
 .ARM.attributes
                0x0000000000000149       0x33 objs/syscalls.o
 .ARM.attributes
                0x000000000000017c       0x33 objs/usb_prop.o
 .ARM.attributes
                0x00000000000001af       0x33 objs/i2c.o
 .ARM.attributes
                0x00000000000001e2       0x33 objs/hw_config.o
 .ARM.attributes
                0x0000000000000215       0x33 objs/spi.o
 .ARM.attributes
                0x0000000000000248       0x33 objs/stm32f10x_it.o
 .ARM.attributes
                0x000000000000027b       0x33 objs/flash.o
 .ARM.attributes
                0x00000000000002ae       0x33 objs/i2c_switch.o
 .ARM.attributes
                0x00000000000002e1       0x33 objs/main.o
 .ARM.attributes
                0x0000000000000314       0x33 objs/switches.o
 .ARM.attributes
                0x0000000000000347       0x33 objs/system_stm32f10x.o
 .ARM.attributes
                0x000000000000037a       0x33 objs/temperatur.o
 .ARM.attributes
                0x00000000000003ad       0x33 objs/batterie.o
 .ARM.attributes
                0x00000000000003e0       0x33 objs/rtc.o
 .ARM.attributes
                0x0000000000000413       0x33 objs/usb_cdc.o
 .ARM.attributes
                0x0000000000000446       0x33 objs/usb_pwr.o
 .ARM.attributes
                0x0000000000000479       0x33 objs/watersensor.o
 .ARM.attributes
                0x00000000000004ac       0x33 objs/core_cm3.o
 .ARM.attributes
                0x00000000000004df       0x33 objs/usb_mem.o
 .ARM.attributes
                0x0000000000000512       0x33 objs/usb_init.o
 .ARM.attributes
                0x0000000000000545       0x33 objs/usb_sil.o
 .ARM.attributes
                0x0000000000000578       0x33 objs/usb_core.o
 .ARM.attributes
                0x00000000000005ab       0x33 objs/usb_regs.o
 .ARM.attributes
                0x00000000000005de       0x33 objs/usb_int.o
 .ARM.attributes
                0x0000000000000611       0x33 objs/stm32_eval_lcd.o
 .ARM.attributes
                0x0000000000000644       0x33 objs/stm32_eval.o
 .ARM.attributes
                0x0000000000000677       0x21 objs/startup_stm32f10x_md.o
 .ARM.attributes
                0x0000000000000698       0x33 ../../STM32F10x_StdPeriph_Driver/Release/libstm32f103.a(misc.o)
 .ARM.attributes
                0x00000000000006cb       0x33 ../../STM32F10x_StdPeriph_Driver/Release/libstm32f103.a(stm32f10x_dma.o)
 .ARM.attributes
                0x00000000000006fe       0x33 ../../STM32F10x_StdPeriph_Driver/Release/libstm32f103.a(stm32f10x_flash.o)
 .ARM.attributes
                0x0000000000000731       0x33 ../../STM32F10x_StdPeriph_Driver/Release/libstm32f103.a(stm32f10x_gpio.o)
 .ARM.attributes
                0x0000000000000764       0x33 ../../STM32F10x_StdPeriph_Driver/Release/libstm32f103.a(stm32f10x_i2c.o)
 .ARM.attributes
                0x0000000000000797       0x33 ../../STM32F10x_StdPeriph_Driver/Release/libstm32f103.a(stm32f10x_rcc.o)
 .ARM.attributes
                0x00000000000007ca       0x33 ../../STM32F10x_StdPeriph_Driver/Release/libstm32f103.a(stm32f10x_spi.o)
 .ARM.attributes
                0x00000000000007fd       0x33 ../../STM32F10x_StdPeriph_Driver/Release/libstm32f103.a(stm32f10x_tim.o)
 .ARM.attributes
                0x0000000000000830       0x33 ../../Embedded_GUI_HAL/Release/libstm32f103.a(LcdHal.o)
 .ARM.attributes
                0x0000000000000863       0x33 ../../Embedded_GUI_Library/Release/libstm32f103.a(gl_fonts.o)
 .ARM.attributes
                0x0000000000000896       0x33 ../../Embedded_GUI_Library/Release/libstm32f103.a(graphicObject.o)
 .ARM.attributes
                0x00000000000008c9       0x1d /usr/lib/gcc/arm-none-eabi/4.8/armv7-m/libgcc.a(_arm_addsubdf3.o)
 .ARM.attributes
                0x00000000000008e6       0x1d /usr/lib/gcc/arm-none-eabi/4.8/armv7-m/libgcc.a(_arm_muldivdf3.o)
 .ARM.attributes
                0x0000000000000903       0x1d /usr/lib/gcc/arm-none-eabi/4.8/armv7-m/libgcc.a(_arm_fixdfsi.o)
 .ARM.attributes
                0x0000000000000920       0x1d /usr/lib/gcc/arm-none-eabi/4.8/armv7-m/libgcc.a(_arm_fixunsdfsi.o)
 .ARM.attributes
                0x000000000000093d       0x2d /usr/lib/gcc/arm-none-eabi/4.8/../../../arm-none-eabi/lib/armv7-m/libg.a(lib_a-atexit.o)
 .ARM.attributes
                0x000000000000096a       0x2d /usr/lib/gcc/arm-none-eabi/4.8/../../../arm-none-eabi/lib/armv7-m/libg.a(lib_a-fini.o)
 .ARM.attributes
                0x0000000000000997       0x2d /usr/lib/gcc/arm-none-eabi/4.8/../../../arm-none-eabi/lib/armv7-m/libg.a(lib_a-impure.o)
 .ARM.attributes
                0x00000000000009c4       0x2d /usr/lib/gcc/arm-none-eabi/4.8/../../../arm-none-eabi/lib/armv7-m/libg.a(lib_a-init.o)
 .ARM.attributes
                0x00000000000009f1       0x2d /usr/lib/gcc/arm-none-eabi/4.8/../../../arm-none-eabi/lib/armv7-m/libg.a(lib_a-malloc.o)
 .ARM.attributes
                0x0000000000000a1e       0x2d /usr/lib/gcc/arm-none-eabi/4.8/../../../arm-none-eabi/lib/armv7-m/libg.a(lib_a-mallocr.o)
 .ARM.attributes
                0x0000000000000a4b       0x2d /usr/lib/gcc/arm-none-eabi/4.8/../../../arm-none-eabi/lib/armv7-m/libg.a(lib_a-mlock.o)
 .ARM.attributes
                0x0000000000000a78       0x2d /usr/lib/gcc/arm-none-eabi/4.8/../../../arm-none-eabi/lib/armv7-m/libg.a(lib_a-sbrkr.o)
 .ARM.attributes
                0x0000000000000aa5       0x2d /usr/lib/gcc/arm-none-eabi/4.8/../../../arm-none-eabi/lib/armv7-m/libg.a(lib_a-strncmp.o)
 .ARM.attributes
                0x0000000000000ad2       0x2d /usr/lib/gcc/arm-none-eabi/4.8/../../../arm-none-eabi/lib/armv7-m/libg.a(lib_a-strncpy.o)
 .ARM.attributes
                0x0000000000000aff       0x2d /usr/lib/gcc/arm-none-eabi/4.8/../../../arm-none-eabi/lib/armv7-m/libg.a(lib_a-__atexit.o)
 .ARM.attributes
                0x0000000000000b2c       0x2d /usr/lib/gcc/arm-none-eabi/4.8/../../../arm-none-eabi/lib/armv7-m/libg.a(lib_a-__call_atexit.o)
 .ARM.attributes
                0x0000000000000b59       0x2d /usr/lib/gcc/arm-none-eabi/4.8/../../../arm-none-eabi/lib/armv7-m/libg.a(lib_a-freer.o)
 .ARM.attributes
                0x0000000000000b86       0x2d /usr/lib/gcc/arm-none-eabi/4.8/../../../arm-none-eabi/lib/armv7-m/libg.a(lib_a-reent.o)
 .ARM.attributes
                0x0000000000000bb3       0x2d /usr/lib/gcc/arm-none-eabi/4.8/armv7-m/crtend.o
 .ARM.attributes
                0x0000000000000be0       0x1d /usr/lib/gcc/arm-none-eabi/4.8/armv7-m/crtn.o

.comment        0x0000000000000000       0x9f
 .comment       0x0000000000000000       0x20 /usr/lib/gcc/arm-none-eabi/4.8/armv7-m/crtbegin.o
                                         0x21 (size before relaxing)
 .comment       0x0000000000000020       0x21 objs/settings.o
 .comment       0x0000000000000020       0x21 objs/usb_desc.o
 .comment       0x0000000000000020       0x21 objs/bq34z100g1.o
 .comment       0x0000000000000020       0x21 objs/usb_endp.o
 .comment       0x0000000000000020       0x21 objs/usb_istr.o
 .comment       0x0000000000000020       0x21 objs/syscalls.o
 .comment       0x0000000000000020       0x21 objs/usb_prop.o
 .comment       0x0000000000000020       0x21 objs/i2c.o
 .comment       0x0000000000000020       0x21 objs/hw_config.o
 .comment       0x0000000000000020       0x21 objs/spi.o
 .comment       0x0000000000000020       0x21 objs/stm32f10x_it.o
 .comment       0x0000000000000020       0x21 objs/flash.o
 .comment       0x0000000000000020       0x21 objs/i2c_switch.o
 .comment       0x0000000000000020       0x21 objs/main.o
 .comment       0x0000000000000020       0x21 objs/switches.o
 .comment       0x0000000000000020       0x21 objs/system_stm32f10x.o
 .comment       0x0000000000000020       0x21 objs/temperatur.o
 .comment       0x0000000000000020       0x21 objs/batterie.o
 .comment       0x0000000000000020       0x21 objs/rtc.o
 .comment       0x0000000000000020       0x21 objs/usb_cdc.o
 .comment       0x0000000000000020       0x21 objs/usb_pwr.o
 .comment       0x0000000000000020       0x21 objs/watersensor.o
 .comment       0x0000000000000020       0x21 objs/core_cm3.o
 .comment       0x0000000000000020       0x21 objs/usb_mem.o
 .comment       0x0000000000000020       0x21 objs/usb_init.o
 .comment       0x0000000000000020       0x21 objs/usb_sil.o
 .comment       0x0000000000000020       0x21 objs/usb_core.o
 .comment       0x0000000000000020       0x21 objs/usb_regs.o
 .comment       0x0000000000000020       0x21 objs/usb_int.o
 .comment       0x0000000000000020       0x21 objs/stm32_eval_lcd.o
 .comment       0x0000000000000020       0x21 objs/stm32_eval.o
 .comment       0x0000000000000020       0x30 ../../STM32F10x_StdPeriph_Driver/Release/libstm32f103.a(misc.o)
                                         0x31 (size before relaxing)
 .comment       0x0000000000000050       0x31 ../../STM32F10x_StdPeriph_Driver/Release/libstm32f103.a(stm32f10x_dma.o)
 .comment       0x0000000000000050       0x31 ../../STM32F10x_StdPeriph_Driver/Release/libstm32f103.a(stm32f10x_flash.o)
 .comment       0x0000000000000050       0x31 ../../STM32F10x_StdPeriph_Driver/Release/libstm32f103.a(stm32f10x_gpio.o)
 .comment       0x0000000000000050       0x31 ../../STM32F10x_StdPeriph_Driver/Release/libstm32f103.a(stm32f10x_i2c.o)
 .comment       0x0000000000000050       0x31 ../../STM32F10x_StdPeriph_Driver/Release/libstm32f103.a(stm32f10x_rcc.o)
 .comment       0x0000000000000050       0x31 ../../STM32F10x_StdPeriph_Driver/Release/libstm32f103.a(stm32f10x_spi.o)
 .comment       0x0000000000000050       0x31 ../../STM32F10x_StdPeriph_Driver/Release/libstm32f103.a(stm32f10x_tim.o)
 .comment       0x0000000000000050       0x30 ../../Embedded_GUI_HAL/Release/libstm32f103.a(LcdHal.o)
                                         0x31 (size before relaxing)
 .comment       0x0000000000000080       0x31 ../../Embedded_GUI_Library/Release/libstm32f103.a(gl_fonts.o)
 .comment       0x0000000000000080       0x31 ../../Embedded_GUI_Library/Release/libstm32f103.a(graphicObject.o)
 .comment       0x0000000000000080       0x1f /usr/lib/gcc/arm-none-eabi/4.8/../../../arm-none-eabi/lib/armv7-m/libg.a(lib_a-atexit.o)
                                         0x20 (size before relaxing)
 .comment       0x000000000000009f       0x20 /usr/lib/gcc/arm-none-eabi/4.8/../../../arm-none-eabi/lib/armv7-m/libg.a(lib_a-fini.o)
 .comment       0x000000000000009f       0x20 /usr/lib/gcc/arm-none-eabi/4.8/../../../arm-none-eabi/lib/armv7-m/libg.a(lib_a-impure.o)
 .comment       0x000000000000009f       0x20 /usr/lib/gcc/arm-none-eabi/4.8/../../../arm-none-eabi/lib/armv7-m/libg.a(lib_a-init.o)
 .comment       0x000000000000009f       0x20 /usr/lib/gcc/arm-none-eabi/4.8/../../../arm-none-eabi/lib/armv7-m/libg.a(lib_a-malloc.o)
 .comment       0x000000000000009f       0x20 /usr/lib/gcc/arm-none-eabi/4.8/../../../arm-none-eabi/lib/armv7-m/libg.a(lib_a-mallocr.o)
 .comment       0x000000000000009f       0x20 /usr/lib/gcc/arm-none-eabi/4.8/../../../arm-none-eabi/lib/armv7-m/libg.a(lib_a-mlock.o)
 .comment       0x000000000000009f       0x20 /usr/lib/gcc/arm-none-eabi/4.8/../../../arm-none-eabi/lib/armv7-m/libg.a(lib_a-sbrkr.o)
 .comment       0x000000000000009f       0x20 /usr/lib/gcc/arm-none-eabi/4.8/../../../arm-none-eabi/lib/armv7-m/libg.a(lib_a-strncmp.o)
 .comment       0x000000000000009f       0x20 /usr/lib/gcc/arm-none-eabi/4.8/../../../arm-none-eabi/lib/armv7-m/libg.a(lib_a-strncpy.o)
 .comment       0x000000000000009f       0x20 /usr/lib/gcc/arm-none-eabi/4.8/../../../arm-none-eabi/lib/armv7-m/libg.a(lib_a-__atexit.o)
 .comment       0x000000000000009f       0x20 /usr/lib/gcc/arm-none-eabi/4.8/../../../arm-none-eabi/lib/armv7-m/libg.a(lib_a-__call_atexit.o)
 .comment       0x000000000000009f       0x20 /usr/lib/gcc/arm-none-eabi/4.8/../../../arm-none-eabi/lib/armv7-m/libg.a(lib_a-freer.o)
 .comment       0x000000000000009f       0x20 /usr/lib/gcc/arm-none-eabi/4.8/../../../arm-none-eabi/lib/armv7-m/libg.a(lib_a-reent.o)
 .comment       0x000000000000009f       0x21 /usr/lib/gcc/arm-none-eabi/4.8/armv7-m/crtend.o

.debug_info     0x0000000000000000    0x118f4
 .debug_info    0x0000000000000000       0xd8 objs/settings.o
 .debug_info    0x00000000000000d8      0x18d objs/usb_desc.o
 .debug_info    0x0000000000000265      0x29a objs/bq34z100g1.o
 .debug_info    0x00000000000004ff      0x136 objs/usb_endp.o
 .debug_info    0x0000000000000635      0x359 objs/usb_istr.o
 .debug_info    0x000000000000098e       0xe3 objs/syscalls.o
 .debug_info    0x0000000000000a71      0x82c objs/usb_prop.o
 .debug_info    0x000000000000129d      0xdeb objs/i2c.o
 .debug_info    0x0000000000002088      0x91a objs/hw_config.o
 .debug_info    0x00000000000029a2      0x72b objs/spi.o
 .debug_info    0x00000000000030cd      0x19b objs/stm32f10x_it.o
 .debug_info    0x0000000000003268      0x618 objs/flash.o
 .debug_info    0x0000000000003880      0x26d objs/i2c_switch.o
 .debug_info    0x0000000000003aed      0xa68 objs/main.o
 .debug_info    0x0000000000004555      0x256 objs/switches.o
 .debug_info    0x00000000000047ab      0x438 objs/system_stm32f10x.o
 .debug_info    0x0000000000004be3      0x1dc objs/temperatur.o
 .debug_info    0x0000000000004dbf      0x77b objs/batterie.o
 .debug_info    0x000000000000553a      0xaa7 objs/rtc.o
 .debug_info    0x0000000000005fe1      0x625 objs/usb_cdc.o
 .debug_info    0x0000000000006606      0x4ed objs/usb_pwr.o
 .debug_info    0x0000000000006af3      0x469 objs/watersensor.o
 .debug_info    0x0000000000006f5c      0x52b objs/core_cm3.o
 .debug_info    0x0000000000007487      0x1c7 objs/usb_mem.o
 .debug_info    0x000000000000764e      0x45a objs/usb_init.o
 .debug_info    0x0000000000007aa8      0x17b objs/usb_sil.o
 .debug_info    0x0000000000007c23      0xb68 objs/usb_core.o
 .debug_info    0x000000000000878b      0xc9c objs/usb_regs.o
 .debug_info    0x0000000000009427      0x1fd objs/usb_int.o
 .debug_info    0x0000000000009624     0x12af objs/stm32_eval_lcd.o
 .debug_info    0x000000000000a8d3      0xe48 objs/stm32_eval.o